src/meson-sm1-magicsee-n5-max.dts:294.16-1782.7: Warning (unit_address_vs_reg): /soc/bus@ff600000/bus@34400/pinctrl@40: node has a unit name, but no reg or ranges property
src/meson-sm1-magicsee-n5-max.dts:2264.15-2589.6: Warning (unit_address_vs_reg): /soc/bus@ff800000/pinctrl@14: node has a unit name, but no reg or ranges property
src/meson-sm1-magicsee-n5-max.dts:294.16-1782.7: Warning (simple_bus_reg): /soc/bus@ff600000/bus@34400/pinctrl@40: missing or empty reg/ranges property
src/meson-sm1-magicsee-n5-max.dts:2264.15-2589.6: Warning (simple_bus_reg): /soc/bus@ff800000/pinctrl@14: missing or empty reg/ranges property
src/meson-sm1-magicsee-n5-max.dts:2800.13-2835.6: Warning (avoid_unnecessary_addr_size): /soc/bus@ffd00000/dsi@7000: unnecessary #address-cells/#size-cells without "ranges", "dma-ranges" or child "reg" property
src/meson-sm1-magicsee-n5-max.dts:27.4-45: Warning (clocks_property): /chosen/framebuffer-cvbs:clocks: cell 0 is not a phandle reference
src/meson-sm1-magicsee-n5-max.dts:27.4-45: Warning (clocks_property): /chosen/framebuffer-cvbs:clocks: cell 2 is not a phandle reference
src/meson-sm1-magicsee-n5-max.dts:27.4-45: Warning (clocks_property): /chosen/framebuffer-cvbs:clocks: cell 4 is not a phandle reference
src/meson-sm1-magicsee-n5-max.dts:36.4-45: Warning (clocks_property): /chosen/framebuffer-hdmi:clocks: cell 0 is not a phandle reference
src/meson-sm1-magicsee-n5-max.dts:36.4-45: Warning (clocks_property): /chosen/framebuffer-hdmi:clocks: cell 2 is not a phandle reference
src/meson-sm1-magicsee-n5-max.dts:36.4-45: Warning (clocks_property): /chosen/framebuffer-hdmi:clocks: cell 4 is not a phandle reference
src/meson-sm1-magicsee-n5-max.dts:45.3-24: Warning (clocks_property): /efuse:clocks: cell 0 is not a phandle reference
src/meson-sm1-magicsee-n5-max.dts:168.4-45: Warning (clocks_property): /soc/pcie@fc000000:clocks: cell 0 is not a phandle reference
src/meson-sm1-magicsee-n5-max.dts:168.4-45: Warning (clocks_property): /soc/pcie@fc000000:clocks: cell 2 is not a phandle reference
src/meson-sm1-magicsee-n5-max.dts:168.4-45: Warning (clocks_property): /soc/pcie@fc000000:clocks: cell 4 is not a phandle reference
src/meson-sm1-magicsee-n5-max.dts:185.4-55: Warning (clocks_property): /soc/ethernet@ff3f0000:clocks: cell 0 is not a phandle reference
src/meson-sm1-magicsee-n5-max.dts:185.4-55: Warning (clocks_property): /soc/ethernet@ff3f0000:clocks: cell 2 is not a phandle reference
src/meson-sm1-magicsee-n5-max.dts:185.4-55: Warning (clocks_property): /soc/ethernet@ff3f0000:clocks: cell 4 is not a phandle reference
src/meson-sm1-magicsee-n5-max.dts:185.4-55: Warning (clocks_property): /soc/ethernet@ff3f0000:clocks: cell 6 is not a phandle reference
src/meson-sm1-magicsee-n5-max.dts:222.5-46: Warning (clocks_property): /soc/bus@ff600000/hdmi-tx@0:clocks: cell 0 is not a phandle reference
src/meson-sm1-magicsee-n5-max.dts:222.5-46: Warning (clocks_property): /soc/bus@ff600000/hdmi-tx@0:clocks: cell 2 is not a phandle reference
src/meson-sm1-magicsee-n5-max.dts:222.5-46: Warning (clocks_property): /soc/bus@ff600000/hdmi-tx@0:clocks: cell 4 is not a phandle reference
src/meson-sm1-magicsee-n5-max.dts:268.6-27: Warning (clocks_property): /soc/bus@ff600000/bus@30000/rng@218:clocks: cell 0 is not a phandle reference
src/meson-sm1-magicsee-n5-max.dts:279.5-26: Warning (clocks_property): /soc/bus@ff600000/audio-controller@32000:clocks: cell 0 is not a phandle reference
src/meson-sm1-magicsee-n5-max.dts:1789.5-26: Warning (clocks_property): /soc/bus@ff600000/temperature-sensor@34800:clocks: cell 0 is not a phandle reference
src/meson-sm1-magicsee-n5-max.dts:1799.5-26: Warning (clocks_property): /soc/bus@ff600000/temperature-sensor@34c00:clocks: cell 0 is not a phandle reference
src/meson-sm1-magicsee-n5-max.dts:1808.5-21: Warning (clocks_property): /soc/bus@ff600000/phy@36000:clocks: cell 0 is not a phandle reference
src/meson-sm1-magicsee-n5-max.dts:1840.5-21: Warning (clocks_property): /soc/bus@ff600000/phy@3a000:clocks: cell 0 is not a phandle reference
src/meson-sm1-magicsee-n5-max.dts:1864.7-23: Warning (clocks_property): /soc/bus@ff600000/bus@3c000/system-controller@0/clock-controller:clocks: cell 0 is not a phandle reference
src/meson-sm1-magicsee-n5-max.dts:1875.7-38: Warning (clocks_property): /soc/bus@ff600000/bus@3c000/system-controller@0/power-controller:clocks: cell 0 is not a phandle reference
src/meson-sm1-magicsee-n5-max.dts:1875.7-38: Warning (clocks_property): /soc/bus@ff600000/bus@3c000/system-controller@0/power-controller:clocks: cell 2 is not a phandle reference
src/meson-sm1-magicsee-n5-max.dts:1895.5-26: Warning (clocks_property): /soc/bus@ff600000/phy@44000:clocks: cell 0 is not a phandle reference
src/meson-sm1-magicsee-n5-max.dts:1909.5-26: Warning (clocks_property): /soc/bus@ff600000/phy@46000:clocks: cell 0 is not a phandle reference
src/meson-sm1-magicsee-n5-max.dts:1922.5-41: Warning (clocks_property): /soc/bus@ff600000/mdio-multiplexer@4c000:clocks: cell 0 is not a phandle reference
src/meson-sm1-magicsee-n5-max.dts:1922.5-41: Warning (clocks_property): /soc/bus@ff600000/mdio-multiplexer@4c000:clocks: cell 2 is not a phandle reference
src/meson-sm1-magicsee-n5-max.dts:1922.5-41: Warning (clocks_property): /soc/bus@ff600000/mdio-multiplexer@4c000:clocks: cell 3 is not a phandle reference
src/meson-sm1-magicsee-n5-max.dts:1978.6-107: Warning (clocks_property): /soc/bus@ff600000/bus@60000/clock-controller@0:clocks: cell 0 is not a phandle reference
src/meson-sm1-magicsee-n5-max.dts:1978.6-107: Warning (clocks_property): /soc/bus@ff600000/bus@60000/clock-controller@0:clocks: cell 2 is not a phandle reference
src/meson-sm1-magicsee-n5-max.dts:1978.6-107: Warning (clocks_property): /soc/bus@ff600000/bus@60000/clock-controller@0:clocks: cell 4 is not a phandle reference
src/meson-sm1-magicsee-n5-max.dts:1978.6-107: Warning (clocks_property): /soc/bus@ff600000/bus@60000/clock-controller@0:clocks: cell 6 is not a phandle reference
src/meson-sm1-magicsee-n5-max.dts:1978.6-107: Warning (clocks_property): /soc/bus@ff600000/bus@60000/clock-controller@0:clocks: cell 8 is not a phandle reference
src/meson-sm1-magicsee-n5-max.dts:1978.6-107: Warning (clocks_property): /soc/bus@ff600000/bus@60000/clock-controller@0:clocks: cell 10 is not a phandle reference
src/meson-sm1-magicsee-n5-max.dts:1978.6-107: Warning (clocks_property): /soc/bus@ff600000/bus@60000/clock-controller@0:clocks: cell 12 is not a phandle reference
src/meson-sm1-magicsee-n5-max.dts:1978.6-107: Warning (clocks_property): /soc/bus@ff600000/bus@60000/clock-controller@0:clocks: cell 14 is not a phandle reference
src/meson-sm1-magicsee-n5-max.dts:1978.6-107: Warning (clocks_property): /soc/bus@ff600000/bus@60000/clock-controller@0:clocks: cell 16 is not a phandle reference
src/meson-sm1-magicsee-n5-max.dts:1990.6-27: Warning (clocks_property): /soc/bus@ff600000/bus@60000/audio-controller@100:clocks: cell 0 is not a phandle reference
src/meson-sm1-magicsee-n5-max.dts:2004.6-27: Warning (clocks_property): /soc/bus@ff600000/bus@60000/audio-controller@140:clocks: cell 0 is not a phandle reference
src/meson-sm1-magicsee-n5-max.dts:2018.6-27: Warning (clocks_property): /soc/bus@ff600000/bus@60000/audio-controller@180:clocks: cell 0 is not a phandle reference
src/meson-sm1-magicsee-n5-max.dts:2032.6-27: Warning (clocks_property): /soc/bus@ff600000/bus@60000/audio-controller@1c0:clocks: cell 0 is not a phandle reference
src/meson-sm1-magicsee-n5-max.dts:2046.6-27: Warning (clocks_property): /soc/bus@ff600000/bus@60000/audio-controller@200:clocks: cell 0 is not a phandle reference
src/meson-sm1-magicsee-n5-max.dts:2060.6-27: Warning (clocks_property): /soc/bus@ff600000/bus@60000/audio-controller@240:clocks: cell 0 is not a phandle reference
src/meson-sm1-magicsee-n5-max.dts:2073.6-27: Warning (clocks_property): /soc/bus@ff600000/bus@60000/reset-controller@280:clocks: cell 0 is not a phandle reference
src/meson-sm1-magicsee-n5-max.dts:2082.6-67: Warning (clocks_property): /soc/bus@ff600000/bus@60000/audio-controller@300:clocks: cell 0 is not a phandle reference
src/meson-sm1-magicsee-n5-max.dts:2082.6-67: Warning (clocks_property): /soc/bus@ff600000/bus@60000/audio-controller@300:clocks: cell 2 is not a phandle reference
src/meson-sm1-magicsee-n5-max.dts:2082.6-67: Warning (clocks_property): /soc/bus@ff600000/bus@60000/audio-controller@300:clocks: cell 4 is not a phandle reference
src/meson-sm1-magicsee-n5-max.dts:2082.6-67: Warning (clocks_property): /soc/bus@ff600000/bus@60000/audio-controller@300:clocks: cell 6 is not a phandle reference
src/meson-sm1-magicsee-n5-max.dts:2082.6-67: Warning (clocks_property): /soc/bus@ff600000/bus@60000/audio-controller@300:clocks: cell 8 is not a phandle reference
src/meson-sm1-magicsee-n5-max.dts:2093.6-67: Warning (clocks_property): /soc/bus@ff600000/bus@60000/audio-controller@340:clocks: cell 0 is not a phandle reference
src/meson-sm1-magicsee-n5-max.dts:2093.6-67: Warning (clocks_property): /soc/bus@ff600000/bus@60000/audio-controller@340:clocks: cell 2 is not a phandle reference
src/meson-sm1-magicsee-n5-max.dts:2093.6-67: Warning (clocks_property): /soc/bus@ff600000/bus@60000/audio-controller@340:clocks: cell 4 is not a phandle reference
src/meson-sm1-magicsee-n5-max.dts:2093.6-67: Warning (clocks_property): /soc/bus@ff600000/bus@60000/audio-controller@340:clocks: cell 6 is not a phandle reference
src/meson-sm1-magicsee-n5-max.dts:2093.6-67: Warning (clocks_property): /soc/bus@ff600000/bus@60000/audio-controller@340:clocks: cell 8 is not a phandle reference
src/meson-sm1-magicsee-n5-max.dts:2104.6-67: Warning (clocks_property): /soc/bus@ff600000/bus@60000/audio-controller@380:clocks: cell 0 is not a phandle reference
src/meson-sm1-magicsee-n5-max.dts:2104.6-67: Warning (clocks_property): /soc/bus@ff600000/bus@60000/audio-controller@380:clocks: cell 2 is not a phandle reference
src/meson-sm1-magicsee-n5-max.dts:2104.6-67: Warning (clocks_property): /soc/bus@ff600000/bus@60000/audio-controller@380:clocks: cell 4 is not a phandle reference
src/meson-sm1-magicsee-n5-max.dts:2104.6-67: Warning (clocks_property): /soc/bus@ff600000/bus@60000/audio-controller@380:clocks: cell 6 is not a phandle reference
src/meson-sm1-magicsee-n5-max.dts:2104.6-67: Warning (clocks_property): /soc/bus@ff600000/bus@60000/audio-controller@380:clocks: cell 8 is not a phandle reference
src/meson-sm1-magicsee-n5-max.dts:2115.6-67: Warning (clocks_property): /soc/bus@ff600000/bus@60000/audio-controller@3c0:clocks: cell 0 is not a phandle reference
src/meson-sm1-magicsee-n5-max.dts:2115.6-67: Warning (clocks_property): /soc/bus@ff600000/bus@60000/audio-controller@3c0:clocks: cell 2 is not a phandle reference
src/meson-sm1-magicsee-n5-max.dts:2115.6-67: Warning (clocks_property): /soc/bus@ff600000/bus@60000/audio-controller@3c0:clocks: cell 4 is not a phandle reference
src/meson-sm1-magicsee-n5-max.dts:2115.6-67: Warning (clocks_property): /soc/bus@ff600000/bus@60000/audio-controller@3c0:clocks: cell 6 is not a phandle reference
src/meson-sm1-magicsee-n5-max.dts:2115.6-67: Warning (clocks_property): /soc/bus@ff600000/bus@60000/audio-controller@3c0:clocks: cell 8 is not a phandle reference
src/meson-sm1-magicsee-n5-max.dts:2127.6-37: Warning (clocks_property): /soc/bus@ff600000/bus@60000/audio-controller@400:clocks: cell 0 is not a phandle reference
src/meson-sm1-magicsee-n5-max.dts:2127.6-37: Warning (clocks_property): /soc/bus@ff600000/bus@60000/audio-controller@400:clocks: cell 2 is not a phandle reference
src/meson-sm1-magicsee-n5-max.dts:2139.6-37: Warning (clocks_property): /soc/bus@ff600000/bus@60000/audio-controller@480:clocks: cell 0 is not a phandle reference
src/meson-sm1-magicsee-n5-max.dts:2139.6-37: Warning (clocks_property): /soc/bus@ff600000/bus@60000/audio-controller@480:clocks: cell 2 is not a phandle reference
src/meson-sm1-magicsee-n5-max.dts:2151.6-67: Warning (clocks_property): /soc/bus@ff600000/bus@60000/audio-controller@500:clocks: cell 0 is not a phandle reference
src/meson-sm1-magicsee-n5-max.dts:2151.6-67: Warning (clocks_property): /soc/bus@ff600000/bus@60000/audio-controller@500:clocks: cell 2 is not a phandle reference
src/meson-sm1-magicsee-n5-max.dts:2151.6-67: Warning (clocks_property): /soc/bus@ff600000/bus@60000/audio-controller@500:clocks: cell 4 is not a phandle reference
src/meson-sm1-magicsee-n5-max.dts:2151.6-67: Warning (clocks_property): /soc/bus@ff600000/bus@60000/audio-controller@500:clocks: cell 6 is not a phandle reference
src/meson-sm1-magicsee-n5-max.dts:2151.6-67: Warning (clocks_property): /soc/bus@ff600000/bus@60000/audio-controller@500:clocks: cell 8 is not a phandle reference
src/meson-sm1-magicsee-n5-max.dts:2162.6-67: Warning (clocks_property): /soc/bus@ff600000/bus@60000/audio-controller@540:clocks: cell 0 is not a phandle reference
src/meson-sm1-magicsee-n5-max.dts:2162.6-67: Warning (clocks_property): /soc/bus@ff600000/bus@60000/audio-controller@540:clocks: cell 2 is not a phandle reference
src/meson-sm1-magicsee-n5-max.dts:2162.6-67: Warning (clocks_property): /soc/bus@ff600000/bus@60000/audio-controller@540:clocks: cell 4 is not a phandle reference
src/meson-sm1-magicsee-n5-max.dts:2162.6-67: Warning (clocks_property): /soc/bus@ff600000/bus@60000/audio-controller@540:clocks: cell 6 is not a phandle reference
src/meson-sm1-magicsee-n5-max.dts:2162.6-67: Warning (clocks_property): /soc/bus@ff600000/bus@60000/audio-controller@540:clocks: cell 8 is not a phandle reference
src/meson-sm1-magicsee-n5-max.dts:2173.6-67: Warning (clocks_property): /soc/bus@ff600000/bus@60000/audio-controller@580:clocks: cell 0 is not a phandle reference
src/meson-sm1-magicsee-n5-max.dts:2173.6-67: Warning (clocks_property): /soc/bus@ff600000/bus@60000/audio-controller@580:clocks: cell 2 is not a phandle reference
src/meson-sm1-magicsee-n5-max.dts:2173.6-67: Warning (clocks_property): /soc/bus@ff600000/bus@60000/audio-controller@580:clocks: cell 4 is not a phandle reference
src/meson-sm1-magicsee-n5-max.dts:2173.6-67: Warning (clocks_property): /soc/bus@ff600000/bus@60000/audio-controller@580:clocks: cell 6 is not a phandle reference
src/meson-sm1-magicsee-n5-max.dts:2173.6-67: Warning (clocks_property): /soc/bus@ff600000/bus@60000/audio-controller@580:clocks: cell 8 is not a phandle reference
src/meson-sm1-magicsee-n5-max.dts:2205.6-27: Warning (clocks_property): /soc/bus@ff600000/bus@60000/audio-controller@840:clocks: cell 0 is not a phandle reference
src/meson-sm1-magicsee-n5-max.dts:2219.6-27: Warning (clocks_property): /soc/bus@ff600000/bus@60000/audio-controller@880:clocks: cell 0 is not a phandle reference
src/meson-sm1-magicsee-n5-max.dts:2233.5-46: Warning (clocks_property): /soc/bus@ff600000/audio-controller@61000:clocks: cell 0 is not a phandle reference
src/meson-sm1-magicsee-n5-max.dts:2233.5-46: Warning (clocks_property): /soc/bus@ff600000/audio-controller@61000:clocks: cell 2 is not a phandle reference
src/meson-sm1-magicsee-n5-max.dts:2233.5-46: Warning (clocks_property): /soc/bus@ff600000/audio-controller@61000:clocks: cell 4 is not a phandle reference
src/meson-sm1-magicsee-n5-max.dts:2258.6-32: Warning (clocks_property): /soc/bus@ff800000/sys-ctrl@0/clock-controller:clocks: cell 0 is not a phandle reference
src/meson-sm1-magicsee-n5-max.dts:2258.6-32: Warning (clocks_property): /soc/bus@ff800000/sys-ctrl@0/clock-controller:clocks: cell 1 is not a phandle reference
src/meson-sm1-magicsee-n5-max.dts:2601.5-26: Warning (clocks_property): /soc/bus@ff800000/cec@100:clocks: cell 0 is not a phandle reference
src/meson-sm1-magicsee-n5-max.dts:2621.5-26: Warning (clocks_property): /soc/bus@ff800000/cec@280:clocks: cell 0 is not a phandle reference
src/meson-sm1-magicsee-n5-max.dts:2633.5-31: Warning (clocks_property): /soc/bus@ff800000/pwm@2000:clocks: cell 0 is not a phandle reference
src/meson-sm1-magicsee-n5-max.dts:2633.5-31: Warning (clocks_property): /soc/bus@ff800000/pwm@2000:clocks: cell 1 is not a phandle reference
src/meson-sm1-magicsee-n5-max.dts:2645.5-36: Warning (clocks_property): /soc/bus@ff800000/serial@3000:clocks: cell 0 is not a phandle reference
src/meson-sm1-magicsee-n5-max.dts:2645.5-36: Warning (clocks_property): /soc/bus@ff800000/serial@3000:clocks: cell 1 is not a phandle reference
src/meson-sm1-magicsee-n5-max.dts:2645.5-36: Warning (clocks_property): /soc/bus@ff800000/serial@3000:clocks: cell 3 is not a phandle reference
src/meson-sm1-magicsee-n5-max.dts:2657.5-36: Warning (clocks_property): /soc/bus@ff800000/serial@4000:clocks: cell 0 is not a phandle reference
src/meson-sm1-magicsee-n5-max.dts:2657.5-36: Warning (clocks_property): /soc/bus@ff800000/serial@4000:clocks: cell 1 is not a phandle reference
src/meson-sm1-magicsee-n5-max.dts:2657.5-36: Warning (clocks_property): /soc/bus@ff800000/serial@4000:clocks: cell 3 is not a phandle reference
src/meson-sm1-magicsee-n5-max.dts:2670.5-26: Warning (clocks_property): /soc/bus@ff800000/i2c@5000:clocks: cell 0 is not a phandle reference
src/meson-sm1-magicsee-n5-max.dts:2677.5-51: Warning (clocks_property): /soc/bus@ff800000/pwm@7000:clocks: cell 0 is not a phandle reference
src/meson-sm1-magicsee-n5-max.dts:2677.5-51: Warning (clocks_property): /soc/bus@ff800000/pwm@7000:clocks: cell 1 is not a phandle reference
src/meson-sm1-magicsee-n5-max.dts:2677.5-51: Warning (clocks_property): /soc/bus@ff800000/pwm@7000:clocks: cell 3 is not a phandle reference
src/meson-sm1-magicsee-n5-max.dts:2677.5-51: Warning (clocks_property): /soc/bus@ff800000/pwm@7000:clocks: cell 5 is not a phandle reference
src/meson-sm1-magicsee-n5-max.dts:2701.5-51: Warning (clocks_property): /soc/bus@ff800000/adc@9000:clocks: cell 0 is not a phandle reference
src/meson-sm1-magicsee-n5-max.dts:2701.5-51: Warning (clocks_property): /soc/bus@ff800000/adc@9000:clocks: cell 1 is not a phandle reference
src/meson-sm1-magicsee-n5-max.dts:2701.5-51: Warning (clocks_property): /soc/bus@ff800000/adc@9000:clocks: cell 3 is not a phandle reference
src/meson-sm1-magicsee-n5-max.dts:2701.5-51: Warning (clocks_property): /soc/bus@ff800000/adc@9000:clocks: cell 5 is not a phandle reference
src/meson-sm1-magicsee-n5-max.dts:2717.4-65: Warning (clocks_property): /soc/video-decoder@ff620000:clocks: cell 0 is not a phandle reference
src/meson-sm1-magicsee-n5-max.dts:2717.4-65: Warning (clocks_property): /soc/video-decoder@ff620000:clocks: cell 2 is not a phandle reference
src/meson-sm1-magicsee-n5-max.dts:2717.4-65: Warning (clocks_property): /soc/video-decoder@ff620000:clocks: cell 4 is not a phandle reference
src/meson-sm1-magicsee-n5-max.dts:2717.4-65: Warning (clocks_property): /soc/video-decoder@ff620000:clocks: cell 6 is not a phandle reference
src/meson-sm1-magicsee-n5-max.dts:2717.4-65: Warning (clocks_property): /soc/video-decoder@ff620000:clocks: cell 8 is not a phandle reference
src/meson-sm1-magicsee-n5-max.dts:2805.5-48: Warning (clocks_property): /soc/bus@ffd00000/dsi@7000:clocks: cell 0 is not a phandle reference
src/meson-sm1-magicsee-n5-max.dts:2805.5-48: Warning (clocks_property): /soc/bus@ffd00000/dsi@7000:clocks: cell 2 is not a phandle reference
src/meson-sm1-magicsee-n5-max.dts:2805.5-48: Warning (clocks_property): /soc/bus@ffd00000/dsi@7000:clocks: cell 4 is not a phandle reference
src/meson-sm1-magicsee-n5-max.dts:2840.5-21: Warning (clocks_property): /soc/bus@ffd00000/watchdog@f0d0:clocks: cell 0 is not a phandle reference
src/meson-sm1-magicsee-n5-max.dts:2848.5-37: Warning (clocks_property): /soc/bus@ffd00000/spi@13000:clocks: cell 0 is not a phandle reference
src/meson-sm1-magicsee-n5-max.dts:2848.5-37: Warning (clocks_property): /soc/bus@ffd00000/spi@13000:clocks: cell 2 is not a phandle reference
src/meson-sm1-magicsee-n5-max.dts:2860.5-37: Warning (clocks_property): /soc/bus@ffd00000/spi@15000:clocks: cell 0 is not a phandle reference
src/meson-sm1-magicsee-n5-max.dts:2860.5-37: Warning (clocks_property): /soc/bus@ffd00000/spi@15000:clocks: cell 2 is not a phandle reference
src/meson-sm1-magicsee-n5-max.dts:2874.5-26: Warning (clocks_property): /soc/bus@ffd00000/spi@14000:clocks: cell 0 is not a phandle reference
src/meson-sm1-magicsee-n5-max.dts:2881.5-46: Warning (clocks_property): /soc/bus@ffd00000/pwm@19000:clocks: cell 0 is not a phandle reference
src/meson-sm1-magicsee-n5-max.dts:2881.5-46: Warning (clocks_property): /soc/bus@ffd00000/pwm@19000:clocks: cell 2 is not a phandle reference
src/meson-sm1-magicsee-n5-max.dts:2881.5-46: Warning (clocks_property): /soc/bus@ffd00000/pwm@19000:clocks: cell 4 is not a phandle reference
src/meson-sm1-magicsee-n5-max.dts:2892.5-46: Warning (clocks_property): /soc/bus@ffd00000/pwm@1a000:clocks: cell 0 is not a phandle reference
src/meson-sm1-magicsee-n5-max.dts:2892.5-46: Warning (clocks_property): /soc/bus@ffd00000/pwm@1a000:clocks: cell 2 is not a phandle reference
src/meson-sm1-magicsee-n5-max.dts:2892.5-46: Warning (clocks_property): /soc/bus@ffd00000/pwm@1a000:clocks: cell 4 is not a phandle reference
src/meson-sm1-magicsee-n5-max.dts:2901.5-46: Warning (clocks_property): /soc/bus@ffd00000/pwm@1b000:clocks: cell 0 is not a phandle reference
src/meson-sm1-magicsee-n5-max.dts:2901.5-46: Warning (clocks_property): /soc/bus@ffd00000/pwm@1b000:clocks: cell 2 is not a phandle reference
src/meson-sm1-magicsee-n5-max.dts:2901.5-46: Warning (clocks_property): /soc/bus@ffd00000/pwm@1b000:clocks: cell 4 is not a phandle reference
src/meson-sm1-magicsee-n5-max.dts:2914.5-26: Warning (clocks_property): /soc/bus@ffd00000/i2c@1c000:clocks: cell 0 is not a phandle reference
src/meson-sm1-magicsee-n5-max.dts:2925.5-26: Warning (clocks_property): /soc/bus@ffd00000/i2c@1d000:clocks: cell 0 is not a phandle reference
src/meson-sm1-magicsee-n5-max.dts:2936.5-26: Warning (clocks_property): /soc/bus@ffd00000/i2c@1e000:clocks: cell 0 is not a phandle reference
src/meson-sm1-magicsee-n5-max.dts:2947.5-26: Warning (clocks_property): /soc/bus@ffd00000/i2c@1f000:clocks: cell 0 is not a phandle reference
src/meson-sm1-magicsee-n5-max.dts:2961.5-36: Warning (clocks_property): /soc/bus@ffd00000/serial@22000:clocks: cell 0 is not a phandle reference
src/meson-sm1-magicsee-n5-max.dts:2961.5-36: Warning (clocks_property): /soc/bus@ffd00000/serial@22000:clocks: cell 1 is not a phandle reference
src/meson-sm1-magicsee-n5-max.dts:2961.5-36: Warning (clocks_property): /soc/bus@ffd00000/serial@22000:clocks: cell 3 is not a phandle reference
src/meson-sm1-magicsee-n5-max.dts:2971.5-36: Warning (clocks_property): /soc/bus@ffd00000/serial@23000:clocks: cell 0 is not a phandle reference
src/meson-sm1-magicsee-n5-max.dts:2971.5-36: Warning (clocks_property): /soc/bus@ffd00000/serial@23000:clocks: cell 1 is not a phandle reference
src/meson-sm1-magicsee-n5-max.dts:2971.5-36: Warning (clocks_property): /soc/bus@ffd00000/serial@23000:clocks: cell 3 is not a phandle reference
src/meson-sm1-magicsee-n5-max.dts:2981.5-36: Warning (clocks_property): /soc/bus@ffd00000/serial@24000:clocks: cell 0 is not a phandle reference
src/meson-sm1-magicsee-n5-max.dts:2981.5-36: Warning (clocks_property): /soc/bus@ffd00000/serial@24000:clocks: cell 1 is not a phandle reference
src/meson-sm1-magicsee-n5-max.dts:2981.5-36: Warning (clocks_property): /soc/bus@ffd00000/serial@24000:clocks: cell 3 is not a phandle reference
src/meson-sm1-magicsee-n5-max.dts:2997.6-22: Warning (clocks_property): /soc/bus@ffd00000/serial@24000/bluetooth:clocks: cell 0 is not a phandle reference
src/meson-sm1-magicsee-n5-max.dts:3012.4-45: Warning (clocks_property): /soc/mmc@ffe03000:clocks: cell 0 is not a phandle reference
src/meson-sm1-magicsee-n5-max.dts:3012.4-45: Warning (clocks_property): /soc/mmc@ffe03000:clocks: cell 2 is not a phandle reference
src/meson-sm1-magicsee-n5-max.dts:3012.4-45: Warning (clocks_property): /soc/mmc@ffe03000:clocks: cell 4 is not a phandle reference
src/meson-sm1-magicsee-n5-max.dts:3042.4-45: Warning (clocks_property): /soc/mmc@ffe05000:clocks: cell 0 is not a phandle reference
src/meson-sm1-magicsee-n5-max.dts:3042.4-45: Warning (clocks_property): /soc/mmc@ffe05000:clocks: cell 2 is not a phandle reference
src/meson-sm1-magicsee-n5-max.dts:3042.4-45: Warning (clocks_property): /soc/mmc@ffe05000:clocks: cell 4 is not a phandle reference
src/meson-sm1-magicsee-n5-max.dts:3065.4-45: Warning (clocks_property): /soc/mmc@ffe07000:clocks: cell 0 is not a phandle reference
src/meson-sm1-magicsee-n5-max.dts:3065.4-45: Warning (clocks_property): /soc/mmc@ffe07000:clocks: cell 2 is not a phandle reference
src/meson-sm1-magicsee-n5-max.dts:3065.4-45: Warning (clocks_property): /soc/mmc@ffe07000:clocks: cell 4 is not a phandle reference
src/meson-sm1-magicsee-n5-max.dts:3094.4-25: Warning (clocks_property): /soc/usb@ffe09000:clocks: cell 0 is not a phandle reference
src/meson-sm1-magicsee-n5-max.dts:3106.5-26: Warning (clocks_property): /soc/usb@ffe09000/usb@ff400000:clocks: cell 0 is not a phandle reference
src/meson-sm1-magicsee-n5-max.dts:3135.4-25: Warning (clocks_property): /soc/gpu@ffe40000:clocks: cell 0 is not a phandle reference
src/meson-sm1-magicsee-n5-max.dts:3241.3-36: Warning (clocks_property): /npu@ff100000:clocks: cell 0 is not a phandle reference
src/meson-sm1-magicsee-n5-max.dts:3241.3-36: Warning (clocks_property): /npu@ff100000:clocks: cell 2 is not a phandle reference
src/meson-sm1-magicsee-n5-max.dts:3255.3-44: Warning (clocks_property): /audio-controller-0:clocks: cell 0 is not a phandle reference
src/meson-sm1-magicsee-n5-max.dts:3255.3-44: Warning (clocks_property): /audio-controller-0:clocks: cell 2 is not a phandle reference
src/meson-sm1-magicsee-n5-max.dts:3255.3-44: Warning (clocks_property): /audio-controller-0:clocks: cell 4 is not a phandle reference
src/meson-sm1-magicsee-n5-max.dts:3265.3-44: Warning (clocks_property): /audio-controller-1:clocks: cell 0 is not a phandle reference
src/meson-sm1-magicsee-n5-max.dts:3265.3-44: Warning (clocks_property): /audio-controller-1:clocks: cell 2 is not a phandle reference
src/meson-sm1-magicsee-n5-max.dts:3265.3-44: Warning (clocks_property): /audio-controller-1:clocks: cell 4 is not a phandle reference
src/meson-sm1-magicsee-n5-max.dts:3275.3-44: Warning (clocks_property): /audio-controller-2:clocks: cell 0 is not a phandle reference
src/meson-sm1-magicsee-n5-max.dts:3275.3-44: Warning (clocks_property): /audio-controller-2:clocks: cell 2 is not a phandle reference
src/meson-sm1-magicsee-n5-max.dts:3275.3-44: Warning (clocks_property): /audio-controller-2:clocks: cell 4 is not a phandle reference
src/meson-sm1-magicsee-n5-max.dts:3300.4-25: Warning (clocks_property): /cpus/cpu@0:clocks: cell 0 is not a phandle reference
src/meson-sm1-magicsee-n5-max.dts:3319.4-25: Warning (clocks_property): /cpus/cpu@1:clocks: cell 0 is not a phandle reference
src/meson-sm1-magicsee-n5-max.dts:3338.4-25: Warning (clocks_property): /cpus/cpu@2:clocks: cell 0 is not a phandle reference
src/meson-sm1-magicsee-n5-max.dts:3357.4-25: Warning (clocks_property): /cpus/cpu@3:clocks: cell 0 is not a phandle reference
src/meson-sm1-magicsee-n5-max.dts:3530.3-19: Warning (clocks_property): /sdio-pwrseq:clocks: cell 0 is not a phandle reference
src/meson-sm1-magicsee-n5-max.dts:3555.3-44: Warning (clocks_property): /sound:clocks: cell 0 is not a phandle reference
src/meson-sm1-magicsee-n5-max.dts:3555.3-44: Warning (clocks_property): /sound:clocks: cell 2 is not a phandle reference
src/meson-sm1-magicsee-n5-max.dts:3555.3-44: Warning (clocks_property): /sound:clocks: cell 4 is not a phandle reference
src/meson-sm1-magicsee-n5-max.dts:3180.6-133: Warning (cooling_device_property): /thermal-zones/cpu-thermal/cooling-maps/map0:cooling-device: cell 0 is not a phandle reference
src/meson-sm1-magicsee-n5-max.dts:3180.6-133: Warning (cooling_device_property): /thermal-zones/cpu-thermal/cooling-maps/map0:cooling-device: cell 3 is not a phandle reference
src/meson-sm1-magicsee-n5-max.dts:3180.6-133: Warning (cooling_device_property): /thermal-zones/cpu-thermal/cooling-maps/map0:cooling-device: cell 6 is not a phandle reference
src/meson-sm1-magicsee-n5-max.dts:3180.6-133: Warning (cooling_device_property): /thermal-zones/cpu-thermal/cooling-maps/map0:cooling-device: cell 9 is not a phandle reference
src/meson-sm1-magicsee-n5-max.dts:3185.6-133: Warning (cooling_device_property): /thermal-zones/cpu-thermal/cooling-maps/map1:cooling-device: cell 0 is not a phandle reference
src/meson-sm1-magicsee-n5-max.dts:3185.6-133: Warning (cooling_device_property): /thermal-zones/cpu-thermal/cooling-maps/map1:cooling-device: cell 3 is not a phandle reference
src/meson-sm1-magicsee-n5-max.dts:3185.6-133: Warning (cooling_device_property): /thermal-zones/cpu-thermal/cooling-maps/map1:cooling-device: cell 6 is not a phandle reference
src/meson-sm1-magicsee-n5-max.dts:3185.6-133: Warning (cooling_device_property): /thermal-zones/cpu-thermal/cooling-maps/map1:cooling-device: cell 9 is not a phandle reference
src/meson-sm1-magicsee-n5-max.dts:3217.6-52: Warning (cooling_device_property): /thermal-zones/ddr-thermal/cooling-maps/map:cooling-device: cell 0 is not a phandle reference
src/meson-sm1-magicsee-n5-max.dts:173.4-23: Warning (phys_property): /soc/pcie@fc000000:phys: cell 0 is not a phandle reference
src/meson-sm1-magicsee-n5-max.dts:1899.5-19: Warning (phys_property): /soc/bus@ff600000/phy@44000:phys: cell 0 is not a phandle reference
src/meson-sm1-magicsee-n5-max.dts:2807.5-19: Warning (phys_property): /soc/bus@ffd00000/dsi@7000:phys: cell 0 is not a phandle reference
src/meson-sm1-magicsee-n5-max.dts:3097.4-33: Warning (phys_property): /soc/usb@ffe09000:phys: cell 0 is not a phandle reference
src/meson-sm1-magicsee-n5-max.dts:3097.4-33: Warning (phys_property): /soc/usb@ffe09000:phys: cell 1 is not a phandle reference
src/meson-sm1-magicsee-n5-max.dts:3097.4-33: Warning (phys_property): /soc/usb@ffe09000:phys: cell 2 is not a phandle reference
src/meson-sm1-magicsee-n5-max.dts:3108.5-19: Warning (phys_property): /soc/usb@ffe09000/usb@ff400000:phys: cell 0 is not a phandle reference
src/meson-sm1-magicsee-n5-max.dts:29.4-32: Warning (power_domains_property): /chosen/framebuffer-cvbs:power-domains: cell 0 is not a phandle reference
src/meson-sm1-magicsee-n5-max.dts:38.4-32: Warning (power_domains_property): /chosen/framebuffer-hdmi:power-domains: cell 0 is not a phandle reference
src/meson-sm1-magicsee-n5-max.dts:176.4-32: Warning (power_domains_property): /soc/pcie@fc000000:power-domains: cell 0 is not a phandle reference
src/meson-sm1-magicsee-n5-max.dts:190.4-32: Warning (power_domains_property): /soc/ethernet@ff3f0000:power-domains: cell 0 is not a phandle reference
src/meson-sm1-magicsee-n5-max.dts:231.5-33: Warning (power_domains_property): /soc/bus@ff600000/hdmi-tx@0:power-domains: cell 0 is not a phandle reference
src/meson-sm1-magicsee-n5-max.dts:2732.4-32: Warning (power_domains_property): /soc/vpu@ff900000:power-domains: cell 0 is not a phandle reference
src/meson-sm1-magicsee-n5-max.dts:3099.4-32: Warning (power_domains_property): /soc/usb@ffe09000:power-domains: cell 0 is not a phandle reference
src/meson-sm1-magicsee-n5-max.dts:3247.3-31: Warning (power_domains_property): /npu@ff100000:power-domains: cell 0 is not a phandle reference
src/meson-sm1-magicsee-n5-max.dts:3510.3-33: Warning (pwms_property): /regulator-vddcpu:pwms: cell 0 is not a phandle reference
src/meson-sm1-magicsee-n5-max.dts:3539.3-34: Warning (pwms_property): /wifi32k:pwms: cell 0 is not a phandle reference
src/meson-sm1-magicsee-n5-max.dts:170.4-35: Warning (resets_property): /soc/pcie@fc000000:resets: cell 0 is not a phandle reference
src/meson-sm1-magicsee-n5-max.dts:170.4-35: Warning (resets_property): /soc/pcie@fc000000:resets: cell 2 is not a phandle reference
src/meson-sm1-magicsee-n5-max.dts:220.5-46: Warning (resets_property): /soc/bus@ff600000/hdmi-tx@0:resets: cell 0 is not a phandle reference
src/meson-sm1-magicsee-n5-max.dts:220.5-46: Warning (resets_property): /soc/bus@ff600000/hdmi-tx@0:resets: cell 2 is not a phandle reference
src/meson-sm1-magicsee-n5-max.dts:220.5-46: Warning (resets_property): /soc/bus@ff600000/hdmi-tx@0:resets: cell 4 is not a phandle reference
src/meson-sm1-magicsee-n5-max.dts:281.5-26: Warning (resets_property): /soc/bus@ff600000/audio-controller@32000:resets: cell 0 is not a phandle reference
src/meson-sm1-magicsee-n5-max.dts:1810.5-26: Warning (resets_property): /soc/bus@ff600000/phy@36000:resets: cell 0 is not a phandle reference
src/meson-sm1-magicsee-n5-max.dts:1842.5-26: Warning (resets_property): /soc/bus@ff600000/phy@3a000:resets: cell 0 is not a phandle reference
src/meson-sm1-magicsee-n5-max.dts:1873.7-128: Warning (resets_property): /soc/bus@ff600000/bus@3c000/system-controller@0/power-controller:resets: cell 0 is not a phandle reference
src/meson-sm1-magicsee-n5-max.dts:1873.7-128: Warning (resets_property): /soc/bus@ff600000/bus@3c000/system-controller@0/power-controller:resets: cell 2 is not a phandle reference
src/meson-sm1-magicsee-n5-max.dts:1873.7-128: Warning (resets_property): /soc/bus@ff600000/bus@3c000/system-controller@0/power-controller:resets: cell 4 is not a phandle reference
src/meson-sm1-magicsee-n5-max.dts:1873.7-128: Warning (resets_property): /soc/bus@ff600000/bus@3c000/system-controller@0/power-controller:resets: cell 6 is not a phandle reference
src/meson-sm1-magicsee-n5-max.dts:1873.7-128: Warning (resets_property): /soc/bus@ff600000/bus@3c000/system-controller@0/power-controller:resets: cell 8 is not a phandle reference
src/meson-sm1-magicsee-n5-max.dts:1873.7-128: Warning (resets_property): /soc/bus@ff600000/bus@3c000/system-controller@0/power-controller:resets: cell 10 is not a phandle reference
src/meson-sm1-magicsee-n5-max.dts:1873.7-128: Warning (resets_property): /soc/bus@ff600000/bus@3c000/system-controller@0/power-controller:resets: cell 12 is not a phandle reference
src/meson-sm1-magicsee-n5-max.dts:1873.7-128: Warning (resets_property): /soc/bus@ff600000/bus@3c000/system-controller@0/power-controller:resets: cell 14 is not a phandle reference
src/meson-sm1-magicsee-n5-max.dts:1873.7-128: Warning (resets_property): /soc/bus@ff600000/bus@3c000/system-controller@0/power-controller:resets: cell 16 is not a phandle reference
src/meson-sm1-magicsee-n5-max.dts:1873.7-128: Warning (resets_property): /soc/bus@ff600000/bus@3c000/system-controller@0/power-controller:resets: cell 18 is not a phandle reference
src/meson-sm1-magicsee-n5-max.dts:1873.7-128: Warning (resets_property): /soc/bus@ff600000/bus@3c000/system-controller@0/power-controller:resets: cell 20 is not a phandle reference
src/meson-sm1-magicsee-n5-max.dts:1897.5-26: Warning (resets_property): /soc/bus@ff600000/phy@44000:resets: cell 0 is not a phandle reference
src/meson-sm1-magicsee-n5-max.dts:1911.5-26: Warning (resets_property): /soc/bus@ff600000/phy@46000:resets: cell 0 is not a phandle reference
src/meson-sm1-magicsee-n5-max.dts:1980.6-27: Warning (resets_property): /soc/bus@ff600000/bus@60000/clock-controller@0:resets: cell 0 is not a phandle reference
src/meson-sm1-magicsee-n5-max.dts:1991.6-37: Warning (resets_property): /soc/bus@ff600000/bus@60000/audio-controller@100:resets: cell 0 is not a phandle reference
src/meson-sm1-magicsee-n5-max.dts:1991.6-37: Warning (resets_property): /soc/bus@ff600000/bus@60000/audio-controller@100:resets: cell 2 is not a phandle reference
src/meson-sm1-magicsee-n5-max.dts:2005.6-37: Warning (resets_property): /soc/bus@ff600000/bus@60000/audio-controller@140:resets: cell 0 is not a phandle reference
src/meson-sm1-magicsee-n5-max.dts:2005.6-37: Warning (resets_property): /soc/bus@ff600000/bus@60000/audio-controller@140:resets: cell 2 is not a phandle reference
src/meson-sm1-magicsee-n5-max.dts:2019.6-37: Warning (resets_property): /soc/bus@ff600000/bus@60000/audio-controller@180:resets: cell 0 is not a phandle reference
src/meson-sm1-magicsee-n5-max.dts:2019.6-37: Warning (resets_property): /soc/bus@ff600000/bus@60000/audio-controller@180:resets: cell 2 is not a phandle reference
src/meson-sm1-magicsee-n5-max.dts:2033.6-37: Warning (resets_property): /soc/bus@ff600000/bus@60000/audio-controller@1c0:resets: cell 0 is not a phandle reference
src/meson-sm1-magicsee-n5-max.dts:2033.6-37: Warning (resets_property): /soc/bus@ff600000/bus@60000/audio-controller@1c0:resets: cell 2 is not a phandle reference
src/meson-sm1-magicsee-n5-max.dts:2047.6-37: Warning (resets_property): /soc/bus@ff600000/bus@60000/audio-controller@200:resets: cell 0 is not a phandle reference
src/meson-sm1-magicsee-n5-max.dts:2047.6-37: Warning (resets_property): /soc/bus@ff600000/bus@60000/audio-controller@200:resets: cell 2 is not a phandle reference
src/meson-sm1-magicsee-n5-max.dts:2061.6-37: Warning (resets_property): /soc/bus@ff600000/bus@60000/audio-controller@240:resets: cell 0 is not a phandle reference
src/meson-sm1-magicsee-n5-max.dts:2061.6-37: Warning (resets_property): /soc/bus@ff600000/bus@60000/audio-controller@240:resets: cell 2 is not a phandle reference
src/meson-sm1-magicsee-n5-max.dts:2081.6-27: Warning (resets_property): /soc/bus@ff600000/bus@60000/audio-controller@300:resets: cell 0 is not a phandle reference
src/meson-sm1-magicsee-n5-max.dts:2092.6-27: Warning (resets_property): /soc/bus@ff600000/bus@60000/audio-controller@340:resets: cell 0 is not a phandle reference
src/meson-sm1-magicsee-n5-max.dts:2103.6-27: Warning (resets_property): /soc/bus@ff600000/bus@60000/audio-controller@380:resets: cell 0 is not a phandle reference
src/meson-sm1-magicsee-n5-max.dts:2114.6-27: Warning (resets_property): /soc/bus@ff600000/bus@60000/audio-controller@3c0:resets: cell 0 is not a phandle reference
src/meson-sm1-magicsee-n5-max.dts:2129.6-27: Warning (resets_property): /soc/bus@ff600000/bus@60000/audio-controller@400:resets: cell 0 is not a phandle reference
src/meson-sm1-magicsee-n5-max.dts:2141.6-27: Warning (resets_property): /soc/bus@ff600000/bus@60000/audio-controller@480:resets: cell 0 is not a phandle reference
src/meson-sm1-magicsee-n5-max.dts:2150.6-27: Warning (resets_property): /soc/bus@ff600000/bus@60000/audio-controller@500:resets: cell 0 is not a phandle reference
src/meson-sm1-magicsee-n5-max.dts:2161.6-27: Warning (resets_property): /soc/bus@ff600000/bus@60000/audio-controller@540:resets: cell 0 is not a phandle reference
src/meson-sm1-magicsee-n5-max.dts:2172.6-27: Warning (resets_property): /soc/bus@ff600000/bus@60000/audio-controller@580:resets: cell 0 is not a phandle reference
src/meson-sm1-magicsee-n5-max.dts:2184.6-27: Warning (resets_property): /soc/bus@ff600000/bus@60000/audio-controller@740:resets: cell 0 is not a phandle reference
src/meson-sm1-magicsee-n5-max.dts:2194.6-27: Warning (resets_property): /soc/bus@ff600000/bus@60000/audio-controller@744:resets: cell 0 is not a phandle reference
src/meson-sm1-magicsee-n5-max.dts:2206.6-37: Warning (resets_property): /soc/bus@ff600000/bus@60000/audio-controller@840:resets: cell 0 is not a phandle reference
src/meson-sm1-magicsee-n5-max.dts:2206.6-37: Warning (resets_property): /soc/bus@ff600000/bus@60000/audio-controller@840:resets: cell 2 is not a phandle reference
src/meson-sm1-magicsee-n5-max.dts:2220.6-37: Warning (resets_property): /soc/bus@ff600000/bus@60000/audio-controller@880:resets: cell 0 is not a phandle reference
src/meson-sm1-magicsee-n5-max.dts:2220.6-37: Warning (resets_property): /soc/bus@ff600000/bus@60000/audio-controller@880:resets: cell 2 is not a phandle reference
src/meson-sm1-magicsee-n5-max.dts:2235.5-26: Warning (resets_property): /soc/bus@ff600000/audio-controller@61000:resets: cell 0 is not a phandle reference
src/meson-sm1-magicsee-n5-max.dts:2719.4-25: Warning (resets_property): /soc/video-decoder@ff620000:resets: cell 0 is not a phandle reference
src/meson-sm1-magicsee-n5-max.dts:2803.5-26: Warning (resets_property): /soc/bus@ffd00000/dsi@7000:resets: cell 0 is not a phandle reference
src/meson-sm1-magicsee-n5-max.dts:3014.4-25: Warning (resets_property): /soc/mmc@ffe03000:resets: cell 0 is not a phandle reference
src/meson-sm1-magicsee-n5-max.dts:3044.4-25: Warning (resets_property): /soc/mmc@ffe05000:resets: cell 0 is not a phandle reference
src/meson-sm1-magicsee-n5-max.dts:3067.4-25: Warning (resets_property): /soc/mmc@ffe07000:resets: cell 0 is not a phandle reference
src/meson-sm1-magicsee-n5-max.dts:3095.4-25: Warning (resets_property): /soc/usb@ffe09000:resets: cell 0 is not a phandle reference
src/meson-sm1-magicsee-n5-max.dts:3136.4-35: Warning (resets_property): /soc/gpu@ffe40000:resets: cell 0 is not a phandle reference
src/meson-sm1-magicsee-n5-max.dts:3136.4-35: Warning (resets_property): /soc/gpu@ffe40000:resets: cell 2 is not a phandle reference
src/meson-sm1-magicsee-n5-max.dts:3245.3-24: Warning (resets_property): /npu@ff100000:resets: cell 0 is not a phandle reference
src/meson-sm1-magicsee-n5-max.dts:3562.4-23: Warning (sound_dai_property): /sound/dai-link-0:sound-dai: cell 0 is not a phandle reference
src/meson-sm1-magicsee-n5-max.dts:3566.4-23: Warning (sound_dai_property): /sound/dai-link-1:sound-dai: cell 0 is not a phandle reference
src/meson-sm1-magicsee-n5-max.dts:3570.4-23: Warning (sound_dai_property): /sound/dai-link-2:sound-dai: cell 0 is not a phandle reference
src/meson-sm1-magicsee-n5-max.dts:3574.4-23: Warning (sound_dai_property): /sound/dai-link-3:sound-dai: cell 0 is not a phandle reference
src/meson-sm1-magicsee-n5-max.dts:3583.5-29: Warning (sound_dai_property): /sound/dai-link-3/codec:sound-dai: cell 0 is not a phandle reference
src/meson-sm1-magicsee-n5-max.dts:3588.4-28: Warning (sound_dai_property): /sound/dai-link-4:sound-dai: cell 0 is not a phandle reference
src/meson-sm1-magicsee-n5-max.dts:3591.5-24: Warning (sound_dai_property): /sound/dai-link-4/codec:sound-dai: cell 0 is not a phandle reference
src/meson-sm1-magicsee-n5-max.dts:3149.4-29: Warning (thermal_sensors_property): /thermal-zones/cpu-thermal:thermal-sensors: cell 0 is not a phandle reference
src/meson-sm1-magicsee-n5-max.dts:3193.4-29: Warning (thermal_sensors_property): /thermal-zones/ddr-thermal:thermal-sensors: cell 0 is not a phandle reference
src/meson-sm1-magicsee-n5-max.dts:1941.7-38: Warning (gpios_property): /soc/bus@ff600000/mdio-multiplexer@4c000/mdio@0/ethernet-phy@0:reset-gpios: cell 0 is not a phandle reference
src/meson-sm1-magicsee-n5-max.dts:2995.6-40: Warning (gpios_property): /soc/bus@ffd00000/serial@24000/bluetooth:shutdown-gpios: cell 0 is not a phandle reference
src/meson-sm1-magicsee-n5-max.dts:3054.4-32: Warning (gpios_property): /soc/mmc@ffe05000:cd-gpios: cell 0 is not a phandle reference
src/meson-sm1-magicsee-n5-max.dts:3431.3-34: Warning (gpios_property): /emmc-pwrseq:reset-gpios: cell 0 is not a phandle reference
src/meson-sm1-magicsee-n5-max.dts:3529.3-34: Warning (gpios_property): /sdio-pwrseq:reset-gpios: cell 0 is not a phandle reference
src/meson-sm1-magicsee-n5-max.dts:3632.3-59: Warning (gpios_property): /__symbols__:gpio: property size (47) is invalid, expected multiple of 4
