reference/meson-sm1-x96-max-plus-100m.dts:297.16-1785.7: Warning (unit_address_vs_reg): /soc/bus@ff600000/bus@34400/pinctrl@40: node has a unit name, but no reg or ranges property
reference/meson-sm1-x96-max-plus-100m.dts:2266.15-2591.6: Warning (unit_address_vs_reg): /soc/bus@ff800000/pinctrl@14: node has a unit name, but no reg or ranges property
reference/meson-sm1-x96-max-plus-100m.dts:297.16-1785.7: Warning (simple_bus_reg): /soc/bus@ff600000/bus@34400/pinctrl@40: missing or empty reg/ranges property
reference/meson-sm1-x96-max-plus-100m.dts:2266.15-2591.6: Warning (simple_bus_reg): /soc/bus@ff800000/pinctrl@14: missing or empty reg/ranges property
reference/meson-sm1-x96-max-plus-100m.dts:2802.13-2837.6: Warning (avoid_unnecessary_addr_size): /soc/bus@ffd00000/dsi@7000: unnecessary #address-cells/#size-cells without "ranges", "dma-ranges" or child "reg" property
reference/meson-sm1-x96-max-plus-100m.dts:27.4-45: Warning (clocks_property): /chosen/framebuffer-cvbs:clocks: cell 0 is not a phandle reference
reference/meson-sm1-x96-max-plus-100m.dts:27.4-45: Warning (clocks_property): /chosen/framebuffer-cvbs:clocks: cell 2 is not a phandle reference
reference/meson-sm1-x96-max-plus-100m.dts:27.4-45: Warning (clocks_property): /chosen/framebuffer-cvbs:clocks: cell 4 is not a phandle reference
reference/meson-sm1-x96-max-plus-100m.dts:36.4-45: Warning (clocks_property): /chosen/framebuffer-hdmi:clocks: cell 0 is not a phandle reference
reference/meson-sm1-x96-max-plus-100m.dts:36.4-45: Warning (clocks_property): /chosen/framebuffer-hdmi:clocks: cell 2 is not a phandle reference
reference/meson-sm1-x96-max-plus-100m.dts:36.4-45: Warning (clocks_property): /chosen/framebuffer-hdmi:clocks: cell 4 is not a phandle reference
reference/meson-sm1-x96-max-plus-100m.dts:45.3-24: Warning (clocks_property): /efuse:clocks: cell 0 is not a phandle reference
reference/meson-sm1-x96-max-plus-100m.dts:168.4-45: Warning (clocks_property): /soc/pcie@fc000000:clocks: cell 0 is not a phandle reference
reference/meson-sm1-x96-max-plus-100m.dts:168.4-45: Warning (clocks_property): /soc/pcie@fc000000:clocks: cell 2 is not a phandle reference
reference/meson-sm1-x96-max-plus-100m.dts:168.4-45: Warning (clocks_property): /soc/pcie@fc000000:clocks: cell 4 is not a phandle reference
reference/meson-sm1-x96-max-plus-100m.dts:185.4-55: Warning (clocks_property): /soc/ethernet@ff3f0000:clocks: cell 0 is not a phandle reference
reference/meson-sm1-x96-max-plus-100m.dts:185.4-55: Warning (clocks_property): /soc/ethernet@ff3f0000:clocks: cell 2 is not a phandle reference
reference/meson-sm1-x96-max-plus-100m.dts:185.4-55: Warning (clocks_property): /soc/ethernet@ff3f0000:clocks: cell 4 is not a phandle reference
reference/meson-sm1-x96-max-plus-100m.dts:185.4-55: Warning (clocks_property): /soc/ethernet@ff3f0000:clocks: cell 6 is not a phandle reference
reference/meson-sm1-x96-max-plus-100m.dts:225.5-46: Warning (clocks_property): /soc/bus@ff600000/hdmi-tx@0:clocks: cell 0 is not a phandle reference
reference/meson-sm1-x96-max-plus-100m.dts:225.5-46: Warning (clocks_property): /soc/bus@ff600000/hdmi-tx@0:clocks: cell 2 is not a phandle reference
reference/meson-sm1-x96-max-plus-100m.dts:225.5-46: Warning (clocks_property): /soc/bus@ff600000/hdmi-tx@0:clocks: cell 4 is not a phandle reference
reference/meson-sm1-x96-max-plus-100m.dts:271.6-27: Warning (clocks_property): /soc/bus@ff600000/bus@30000/rng@218:clocks: cell 0 is not a phandle reference
reference/meson-sm1-x96-max-plus-100m.dts:282.5-26: Warning (clocks_property): /soc/bus@ff600000/audio-controller@32000:clocks: cell 0 is not a phandle reference
reference/meson-sm1-x96-max-plus-100m.dts:1792.5-26: Warning (clocks_property): /soc/bus@ff600000/temperature-sensor@34800:clocks: cell 0 is not a phandle reference
reference/meson-sm1-x96-max-plus-100m.dts:1802.5-26: Warning (clocks_property): /soc/bus@ff600000/temperature-sensor@34c00:clocks: cell 0 is not a phandle reference
reference/meson-sm1-x96-max-plus-100m.dts:1811.5-21: Warning (clocks_property): /soc/bus@ff600000/phy@36000:clocks: cell 0 is not a phandle reference
reference/meson-sm1-x96-max-plus-100m.dts:1843.5-21: Warning (clocks_property): /soc/bus@ff600000/phy@3a000:clocks: cell 0 is not a phandle reference
reference/meson-sm1-x96-max-plus-100m.dts:1867.7-23: Warning (clocks_property): /soc/bus@ff600000/bus@3c000/system-controller@0/clock-controller:clocks: cell 0 is not a phandle reference
reference/meson-sm1-x96-max-plus-100m.dts:1878.7-38: Warning (clocks_property): /soc/bus@ff600000/bus@3c000/system-controller@0/power-controller:clocks: cell 0 is not a phandle reference
reference/meson-sm1-x96-max-plus-100m.dts:1878.7-38: Warning (clocks_property): /soc/bus@ff600000/bus@3c000/system-controller@0/power-controller:clocks: cell 2 is not a phandle reference
reference/meson-sm1-x96-max-plus-100m.dts:1898.5-26: Warning (clocks_property): /soc/bus@ff600000/phy@44000:clocks: cell 0 is not a phandle reference
reference/meson-sm1-x96-max-plus-100m.dts:1912.5-26: Warning (clocks_property): /soc/bus@ff600000/phy@46000:clocks: cell 0 is not a phandle reference
reference/meson-sm1-x96-max-plus-100m.dts:1925.5-41: Warning (clocks_property): /soc/bus@ff600000/mdio-multiplexer@4c000:clocks: cell 0 is not a phandle reference
reference/meson-sm1-x96-max-plus-100m.dts:1925.5-41: Warning (clocks_property): /soc/bus@ff600000/mdio-multiplexer@4c000:clocks: cell 2 is not a phandle reference
reference/meson-sm1-x96-max-plus-100m.dts:1925.5-41: Warning (clocks_property): /soc/bus@ff600000/mdio-multiplexer@4c000:clocks: cell 3 is not a phandle reference
reference/meson-sm1-x96-max-plus-100m.dts:1980.6-107: Warning (clocks_property): /soc/bus@ff600000/bus@60000/clock-controller@0:clocks: cell 0 is not a phandle reference
reference/meson-sm1-x96-max-plus-100m.dts:1980.6-107: Warning (clocks_property): /soc/bus@ff600000/bus@60000/clock-controller@0:clocks: cell 2 is not a phandle reference
reference/meson-sm1-x96-max-plus-100m.dts:1980.6-107: Warning (clocks_property): /soc/bus@ff600000/bus@60000/clock-controller@0:clocks: cell 4 is not a phandle reference
reference/meson-sm1-x96-max-plus-100m.dts:1980.6-107: Warning (clocks_property): /soc/bus@ff600000/bus@60000/clock-controller@0:clocks: cell 6 is not a phandle reference
reference/meson-sm1-x96-max-plus-100m.dts:1980.6-107: Warning (clocks_property): /soc/bus@ff600000/bus@60000/clock-controller@0:clocks: cell 8 is not a phandle reference
reference/meson-sm1-x96-max-plus-100m.dts:1980.6-107: Warning (clocks_property): /soc/bus@ff600000/bus@60000/clock-controller@0:clocks: cell 10 is not a phandle reference
reference/meson-sm1-x96-max-plus-100m.dts:1980.6-107: Warning (clocks_property): /soc/bus@ff600000/bus@60000/clock-controller@0:clocks: cell 12 is not a phandle reference
reference/meson-sm1-x96-max-plus-100m.dts:1980.6-107: Warning (clocks_property): /soc/bus@ff600000/bus@60000/clock-controller@0:clocks: cell 14 is not a phandle reference
reference/meson-sm1-x96-max-plus-100m.dts:1980.6-107: Warning (clocks_property): /soc/bus@ff600000/bus@60000/clock-controller@0:clocks: cell 16 is not a phandle reference
reference/meson-sm1-x96-max-plus-100m.dts:1992.6-27: Warning (clocks_property): /soc/bus@ff600000/bus@60000/audio-controller@100:clocks: cell 0 is not a phandle reference
reference/meson-sm1-x96-max-plus-100m.dts:2006.6-27: Warning (clocks_property): /soc/bus@ff600000/bus@60000/audio-controller@140:clocks: cell 0 is not a phandle reference
reference/meson-sm1-x96-max-plus-100m.dts:2020.6-27: Warning (clocks_property): /soc/bus@ff600000/bus@60000/audio-controller@180:clocks: cell 0 is not a phandle reference
reference/meson-sm1-x96-max-plus-100m.dts:2034.6-27: Warning (clocks_property): /soc/bus@ff600000/bus@60000/audio-controller@1c0:clocks: cell 0 is not a phandle reference
reference/meson-sm1-x96-max-plus-100m.dts:2048.6-27: Warning (clocks_property): /soc/bus@ff600000/bus@60000/audio-controller@200:clocks: cell 0 is not a phandle reference
reference/meson-sm1-x96-max-plus-100m.dts:2062.6-27: Warning (clocks_property): /soc/bus@ff600000/bus@60000/audio-controller@240:clocks: cell 0 is not a phandle reference
reference/meson-sm1-x96-max-plus-100m.dts:2075.6-27: Warning (clocks_property): /soc/bus@ff600000/bus@60000/reset-controller@280:clocks: cell 0 is not a phandle reference
reference/meson-sm1-x96-max-plus-100m.dts:2084.6-67: Warning (clocks_property): /soc/bus@ff600000/bus@60000/audio-controller@300:clocks: cell 0 is not a phandle reference
reference/meson-sm1-x96-max-plus-100m.dts:2084.6-67: Warning (clocks_property): /soc/bus@ff600000/bus@60000/audio-controller@300:clocks: cell 2 is not a phandle reference
reference/meson-sm1-x96-max-plus-100m.dts:2084.6-67: Warning (clocks_property): /soc/bus@ff600000/bus@60000/audio-controller@300:clocks: cell 4 is not a phandle reference
reference/meson-sm1-x96-max-plus-100m.dts:2084.6-67: Warning (clocks_property): /soc/bus@ff600000/bus@60000/audio-controller@300:clocks: cell 6 is not a phandle reference
reference/meson-sm1-x96-max-plus-100m.dts:2084.6-67: Warning (clocks_property): /soc/bus@ff600000/bus@60000/audio-controller@300:clocks: cell 8 is not a phandle reference
reference/meson-sm1-x96-max-plus-100m.dts:2095.6-67: Warning (clocks_property): /soc/bus@ff600000/bus@60000/audio-controller@340:clocks: cell 0 is not a phandle reference
reference/meson-sm1-x96-max-plus-100m.dts:2095.6-67: Warning (clocks_property): /soc/bus@ff600000/bus@60000/audio-controller@340:clocks: cell 2 is not a phandle reference
reference/meson-sm1-x96-max-plus-100m.dts:2095.6-67: Warning (clocks_property): /soc/bus@ff600000/bus@60000/audio-controller@340:clocks: cell 4 is not a phandle reference
reference/meson-sm1-x96-max-plus-100m.dts:2095.6-67: Warning (clocks_property): /soc/bus@ff600000/bus@60000/audio-controller@340:clocks: cell 6 is not a phandle reference
reference/meson-sm1-x96-max-plus-100m.dts:2095.6-67: Warning (clocks_property): /soc/bus@ff600000/bus@60000/audio-controller@340:clocks: cell 8 is not a phandle reference
reference/meson-sm1-x96-max-plus-100m.dts:2106.6-67: Warning (clocks_property): /soc/bus@ff600000/bus@60000/audio-controller@380:clocks: cell 0 is not a phandle reference
reference/meson-sm1-x96-max-plus-100m.dts:2106.6-67: Warning (clocks_property): /soc/bus@ff600000/bus@60000/audio-controller@380:clocks: cell 2 is not a phandle reference
reference/meson-sm1-x96-max-plus-100m.dts:2106.6-67: Warning (clocks_property): /soc/bus@ff600000/bus@60000/audio-controller@380:clocks: cell 4 is not a phandle reference
reference/meson-sm1-x96-max-plus-100m.dts:2106.6-67: Warning (clocks_property): /soc/bus@ff600000/bus@60000/audio-controller@380:clocks: cell 6 is not a phandle reference
reference/meson-sm1-x96-max-plus-100m.dts:2106.6-67: Warning (clocks_property): /soc/bus@ff600000/bus@60000/audio-controller@380:clocks: cell 8 is not a phandle reference
reference/meson-sm1-x96-max-plus-100m.dts:2117.6-67: Warning (clocks_property): /soc/bus@ff600000/bus@60000/audio-controller@3c0:clocks: cell 0 is not a phandle reference
reference/meson-sm1-x96-max-plus-100m.dts:2117.6-67: Warning (clocks_property): /soc/bus@ff600000/bus@60000/audio-controller@3c0:clocks: cell 2 is not a phandle reference
reference/meson-sm1-x96-max-plus-100m.dts:2117.6-67: Warning (clocks_property): /soc/bus@ff600000/bus@60000/audio-controller@3c0:clocks: cell 4 is not a phandle reference
reference/meson-sm1-x96-max-plus-100m.dts:2117.6-67: Warning (clocks_property): /soc/bus@ff600000/bus@60000/audio-controller@3c0:clocks: cell 6 is not a phandle reference
reference/meson-sm1-x96-max-plus-100m.dts:2117.6-67: Warning (clocks_property): /soc/bus@ff600000/bus@60000/audio-controller@3c0:clocks: cell 8 is not a phandle reference
reference/meson-sm1-x96-max-plus-100m.dts:2129.6-37: Warning (clocks_property): /soc/bus@ff600000/bus@60000/audio-controller@400:clocks: cell 0 is not a phandle reference
reference/meson-sm1-x96-max-plus-100m.dts:2129.6-37: Warning (clocks_property): /soc/bus@ff600000/bus@60000/audio-controller@400:clocks: cell 2 is not a phandle reference
reference/meson-sm1-x96-max-plus-100m.dts:2141.6-37: Warning (clocks_property): /soc/bus@ff600000/bus@60000/audio-controller@480:clocks: cell 0 is not a phandle reference
reference/meson-sm1-x96-max-plus-100m.dts:2141.6-37: Warning (clocks_property): /soc/bus@ff600000/bus@60000/audio-controller@480:clocks: cell 2 is not a phandle reference
reference/meson-sm1-x96-max-plus-100m.dts:2153.6-67: Warning (clocks_property): /soc/bus@ff600000/bus@60000/audio-controller@500:clocks: cell 0 is not a phandle reference
reference/meson-sm1-x96-max-plus-100m.dts:2153.6-67: Warning (clocks_property): /soc/bus@ff600000/bus@60000/audio-controller@500:clocks: cell 2 is not a phandle reference
reference/meson-sm1-x96-max-plus-100m.dts:2153.6-67: Warning (clocks_property): /soc/bus@ff600000/bus@60000/audio-controller@500:clocks: cell 4 is not a phandle reference
reference/meson-sm1-x96-max-plus-100m.dts:2153.6-67: Warning (clocks_property): /soc/bus@ff600000/bus@60000/audio-controller@500:clocks: cell 6 is not a phandle reference
reference/meson-sm1-x96-max-plus-100m.dts:2153.6-67: Warning (clocks_property): /soc/bus@ff600000/bus@60000/audio-controller@500:clocks: cell 8 is not a phandle reference
reference/meson-sm1-x96-max-plus-100m.dts:2164.6-67: Warning (clocks_property): /soc/bus@ff600000/bus@60000/audio-controller@540:clocks: cell 0 is not a phandle reference
reference/meson-sm1-x96-max-plus-100m.dts:2164.6-67: Warning (clocks_property): /soc/bus@ff600000/bus@60000/audio-controller@540:clocks: cell 2 is not a phandle reference
reference/meson-sm1-x96-max-plus-100m.dts:2164.6-67: Warning (clocks_property): /soc/bus@ff600000/bus@60000/audio-controller@540:clocks: cell 4 is not a phandle reference
reference/meson-sm1-x96-max-plus-100m.dts:2164.6-67: Warning (clocks_property): /soc/bus@ff600000/bus@60000/audio-controller@540:clocks: cell 6 is not a phandle reference
reference/meson-sm1-x96-max-plus-100m.dts:2164.6-67: Warning (clocks_property): /soc/bus@ff600000/bus@60000/audio-controller@540:clocks: cell 8 is not a phandle reference
reference/meson-sm1-x96-max-plus-100m.dts:2175.6-67: Warning (clocks_property): /soc/bus@ff600000/bus@60000/audio-controller@580:clocks: cell 0 is not a phandle reference
reference/meson-sm1-x96-max-plus-100m.dts:2175.6-67: Warning (clocks_property): /soc/bus@ff600000/bus@60000/audio-controller@580:clocks: cell 2 is not a phandle reference
reference/meson-sm1-x96-max-plus-100m.dts:2175.6-67: Warning (clocks_property): /soc/bus@ff600000/bus@60000/audio-controller@580:clocks: cell 4 is not a phandle reference
reference/meson-sm1-x96-max-plus-100m.dts:2175.6-67: Warning (clocks_property): /soc/bus@ff600000/bus@60000/audio-controller@580:clocks: cell 6 is not a phandle reference
reference/meson-sm1-x96-max-plus-100m.dts:2175.6-67: Warning (clocks_property): /soc/bus@ff600000/bus@60000/audio-controller@580:clocks: cell 8 is not a phandle reference
reference/meson-sm1-x96-max-plus-100m.dts:2207.6-27: Warning (clocks_property): /soc/bus@ff600000/bus@60000/audio-controller@840:clocks: cell 0 is not a phandle reference
reference/meson-sm1-x96-max-plus-100m.dts:2221.6-27: Warning (clocks_property): /soc/bus@ff600000/bus@60000/audio-controller@880:clocks: cell 0 is not a phandle reference
reference/meson-sm1-x96-max-plus-100m.dts:2235.5-46: Warning (clocks_property): /soc/bus@ff600000/audio-controller@61000:clocks: cell 0 is not a phandle reference
reference/meson-sm1-x96-max-plus-100m.dts:2235.5-46: Warning (clocks_property): /soc/bus@ff600000/audio-controller@61000:clocks: cell 2 is not a phandle reference
reference/meson-sm1-x96-max-plus-100m.dts:2235.5-46: Warning (clocks_property): /soc/bus@ff600000/audio-controller@61000:clocks: cell 4 is not a phandle reference
reference/meson-sm1-x96-max-plus-100m.dts:2260.6-32: Warning (clocks_property): /soc/bus@ff800000/sys-ctrl@0/clock-controller:clocks: cell 0 is not a phandle reference
reference/meson-sm1-x96-max-plus-100m.dts:2260.6-32: Warning (clocks_property): /soc/bus@ff800000/sys-ctrl@0/clock-controller:clocks: cell 1 is not a phandle reference
reference/meson-sm1-x96-max-plus-100m.dts:2603.5-26: Warning (clocks_property): /soc/bus@ff800000/cec@100:clocks: cell 0 is not a phandle reference
reference/meson-sm1-x96-max-plus-100m.dts:2623.5-26: Warning (clocks_property): /soc/bus@ff800000/cec@280:clocks: cell 0 is not a phandle reference
reference/meson-sm1-x96-max-plus-100m.dts:2635.5-31: Warning (clocks_property): /soc/bus@ff800000/pwm@2000:clocks: cell 0 is not a phandle reference
reference/meson-sm1-x96-max-plus-100m.dts:2635.5-31: Warning (clocks_property): /soc/bus@ff800000/pwm@2000:clocks: cell 1 is not a phandle reference
reference/meson-sm1-x96-max-plus-100m.dts:2647.5-36: Warning (clocks_property): /soc/bus@ff800000/serial@3000:clocks: cell 0 is not a phandle reference
reference/meson-sm1-x96-max-plus-100m.dts:2647.5-36: Warning (clocks_property): /soc/bus@ff800000/serial@3000:clocks: cell 1 is not a phandle reference
reference/meson-sm1-x96-max-plus-100m.dts:2647.5-36: Warning (clocks_property): /soc/bus@ff800000/serial@3000:clocks: cell 3 is not a phandle reference
reference/meson-sm1-x96-max-plus-100m.dts:2659.5-36: Warning (clocks_property): /soc/bus@ff800000/serial@4000:clocks: cell 0 is not a phandle reference
reference/meson-sm1-x96-max-plus-100m.dts:2659.5-36: Warning (clocks_property): /soc/bus@ff800000/serial@4000:clocks: cell 1 is not a phandle reference
reference/meson-sm1-x96-max-plus-100m.dts:2659.5-36: Warning (clocks_property): /soc/bus@ff800000/serial@4000:clocks: cell 3 is not a phandle reference
reference/meson-sm1-x96-max-plus-100m.dts:2672.5-26: Warning (clocks_property): /soc/bus@ff800000/i2c@5000:clocks: cell 0 is not a phandle reference
reference/meson-sm1-x96-max-plus-100m.dts:2679.5-51: Warning (clocks_property): /soc/bus@ff800000/pwm@7000:clocks: cell 0 is not a phandle reference
reference/meson-sm1-x96-max-plus-100m.dts:2679.5-51: Warning (clocks_property): /soc/bus@ff800000/pwm@7000:clocks: cell 1 is not a phandle reference
reference/meson-sm1-x96-max-plus-100m.dts:2679.5-51: Warning (clocks_property): /soc/bus@ff800000/pwm@7000:clocks: cell 3 is not a phandle reference
reference/meson-sm1-x96-max-plus-100m.dts:2679.5-51: Warning (clocks_property): /soc/bus@ff800000/pwm@7000:clocks: cell 5 is not a phandle reference
reference/meson-sm1-x96-max-plus-100m.dts:2703.5-51: Warning (clocks_property): /soc/bus@ff800000/adc@9000:clocks: cell 0 is not a phandle reference
reference/meson-sm1-x96-max-plus-100m.dts:2703.5-51: Warning (clocks_property): /soc/bus@ff800000/adc@9000:clocks: cell 1 is not a phandle reference
reference/meson-sm1-x96-max-plus-100m.dts:2703.5-51: Warning (clocks_property): /soc/bus@ff800000/adc@9000:clocks: cell 3 is not a phandle reference
reference/meson-sm1-x96-max-plus-100m.dts:2703.5-51: Warning (clocks_property): /soc/bus@ff800000/adc@9000:clocks: cell 5 is not a phandle reference
reference/meson-sm1-x96-max-plus-100m.dts:2719.4-65: Warning (clocks_property): /soc/video-decoder@ff620000:clocks: cell 0 is not a phandle reference
reference/meson-sm1-x96-max-plus-100m.dts:2719.4-65: Warning (clocks_property): /soc/video-decoder@ff620000:clocks: cell 2 is not a phandle reference
reference/meson-sm1-x96-max-plus-100m.dts:2719.4-65: Warning (clocks_property): /soc/video-decoder@ff620000:clocks: cell 4 is not a phandle reference
reference/meson-sm1-x96-max-plus-100m.dts:2719.4-65: Warning (clocks_property): /soc/video-decoder@ff620000:clocks: cell 6 is not a phandle reference
reference/meson-sm1-x96-max-plus-100m.dts:2719.4-65: Warning (clocks_property): /soc/video-decoder@ff620000:clocks: cell 8 is not a phandle reference
reference/meson-sm1-x96-max-plus-100m.dts:2807.5-48: Warning (clocks_property): /soc/bus@ffd00000/dsi@7000:clocks: cell 0 is not a phandle reference
reference/meson-sm1-x96-max-plus-100m.dts:2807.5-48: Warning (clocks_property): /soc/bus@ffd00000/dsi@7000:clocks: cell 2 is not a phandle reference
reference/meson-sm1-x96-max-plus-100m.dts:2807.5-48: Warning (clocks_property): /soc/bus@ffd00000/dsi@7000:clocks: cell 4 is not a phandle reference
reference/meson-sm1-x96-max-plus-100m.dts:2842.5-21: Warning (clocks_property): /soc/bus@ffd00000/watchdog@f0d0:clocks: cell 0 is not a phandle reference
reference/meson-sm1-x96-max-plus-100m.dts:2850.5-37: Warning (clocks_property): /soc/bus@ffd00000/spi@13000:clocks: cell 0 is not a phandle reference
reference/meson-sm1-x96-max-plus-100m.dts:2850.5-37: Warning (clocks_property): /soc/bus@ffd00000/spi@13000:clocks: cell 2 is not a phandle reference
reference/meson-sm1-x96-max-plus-100m.dts:2862.5-37: Warning (clocks_property): /soc/bus@ffd00000/spi@15000:clocks: cell 0 is not a phandle reference
reference/meson-sm1-x96-max-plus-100m.dts:2862.5-37: Warning (clocks_property): /soc/bus@ffd00000/spi@15000:clocks: cell 2 is not a phandle reference
reference/meson-sm1-x96-max-plus-100m.dts:2876.5-26: Warning (clocks_property): /soc/bus@ffd00000/spi@14000:clocks: cell 0 is not a phandle reference
reference/meson-sm1-x96-max-plus-100m.dts:2883.5-46: Warning (clocks_property): /soc/bus@ffd00000/pwm@19000:clocks: cell 0 is not a phandle reference
reference/meson-sm1-x96-max-plus-100m.dts:2883.5-46: Warning (clocks_property): /soc/bus@ffd00000/pwm@19000:clocks: cell 2 is not a phandle reference
reference/meson-sm1-x96-max-plus-100m.dts:2883.5-46: Warning (clocks_property): /soc/bus@ffd00000/pwm@19000:clocks: cell 4 is not a phandle reference
reference/meson-sm1-x96-max-plus-100m.dts:2894.5-46: Warning (clocks_property): /soc/bus@ffd00000/pwm@1a000:clocks: cell 0 is not a phandle reference
reference/meson-sm1-x96-max-plus-100m.dts:2894.5-46: Warning (clocks_property): /soc/bus@ffd00000/pwm@1a000:clocks: cell 2 is not a phandle reference
reference/meson-sm1-x96-max-plus-100m.dts:2894.5-46: Warning (clocks_property): /soc/bus@ffd00000/pwm@1a000:clocks: cell 4 is not a phandle reference
reference/meson-sm1-x96-max-plus-100m.dts:2903.5-46: Warning (clocks_property): /soc/bus@ffd00000/pwm@1b000:clocks: cell 0 is not a phandle reference
reference/meson-sm1-x96-max-plus-100m.dts:2903.5-46: Warning (clocks_property): /soc/bus@ffd00000/pwm@1b000:clocks: cell 2 is not a phandle reference
reference/meson-sm1-x96-max-plus-100m.dts:2903.5-46: Warning (clocks_property): /soc/bus@ffd00000/pwm@1b000:clocks: cell 4 is not a phandle reference
reference/meson-sm1-x96-max-plus-100m.dts:2916.5-26: Warning (clocks_property): /soc/bus@ffd00000/i2c@1c000:clocks: cell 0 is not a phandle reference
reference/meson-sm1-x96-max-plus-100m.dts:2927.5-26: Warning (clocks_property): /soc/bus@ffd00000/i2c@1d000:clocks: cell 0 is not a phandle reference
reference/meson-sm1-x96-max-plus-100m.dts:2938.5-26: Warning (clocks_property): /soc/bus@ffd00000/i2c@1e000:clocks: cell 0 is not a phandle reference
reference/meson-sm1-x96-max-plus-100m.dts:2949.5-26: Warning (clocks_property): /soc/bus@ffd00000/i2c@1f000:clocks: cell 0 is not a phandle reference
reference/meson-sm1-x96-max-plus-100m.dts:2963.5-36: Warning (clocks_property): /soc/bus@ffd00000/serial@22000:clocks: cell 0 is not a phandle reference
reference/meson-sm1-x96-max-plus-100m.dts:2963.5-36: Warning (clocks_property): /soc/bus@ffd00000/serial@22000:clocks: cell 1 is not a phandle reference
reference/meson-sm1-x96-max-plus-100m.dts:2963.5-36: Warning (clocks_property): /soc/bus@ffd00000/serial@22000:clocks: cell 3 is not a phandle reference
reference/meson-sm1-x96-max-plus-100m.dts:2973.5-36: Warning (clocks_property): /soc/bus@ffd00000/serial@23000:clocks: cell 0 is not a phandle reference
reference/meson-sm1-x96-max-plus-100m.dts:2973.5-36: Warning (clocks_property): /soc/bus@ffd00000/serial@23000:clocks: cell 1 is not a phandle reference
reference/meson-sm1-x96-max-plus-100m.dts:2973.5-36: Warning (clocks_property): /soc/bus@ffd00000/serial@23000:clocks: cell 3 is not a phandle reference
reference/meson-sm1-x96-max-plus-100m.dts:2983.5-36: Warning (clocks_property): /soc/bus@ffd00000/serial@24000:clocks: cell 0 is not a phandle reference
reference/meson-sm1-x96-max-plus-100m.dts:2983.5-36: Warning (clocks_property): /soc/bus@ffd00000/serial@24000:clocks: cell 1 is not a phandle reference
reference/meson-sm1-x96-max-plus-100m.dts:2983.5-36: Warning (clocks_property): /soc/bus@ffd00000/serial@24000:clocks: cell 3 is not a phandle reference
reference/meson-sm1-x96-max-plus-100m.dts:2999.6-22: Warning (clocks_property): /soc/bus@ffd00000/serial@24000/bluetooth:clocks: cell 0 is not a phandle reference
reference/meson-sm1-x96-max-plus-100m.dts:3014.4-45: Warning (clocks_property): /soc/mmc@ffe03000:clocks: cell 0 is not a phandle reference
reference/meson-sm1-x96-max-plus-100m.dts:3014.4-45: Warning (clocks_property): /soc/mmc@ffe03000:clocks: cell 2 is not a phandle reference
reference/meson-sm1-x96-max-plus-100m.dts:3014.4-45: Warning (clocks_property): /soc/mmc@ffe03000:clocks: cell 4 is not a phandle reference
reference/meson-sm1-x96-max-plus-100m.dts:3044.4-45: Warning (clocks_property): /soc/mmc@ffe05000:clocks: cell 0 is not a phandle reference
reference/meson-sm1-x96-max-plus-100m.dts:3044.4-45: Warning (clocks_property): /soc/mmc@ffe05000:clocks: cell 2 is not a phandle reference
reference/meson-sm1-x96-max-plus-100m.dts:3044.4-45: Warning (clocks_property): /soc/mmc@ffe05000:clocks: cell 4 is not a phandle reference
reference/meson-sm1-x96-max-plus-100m.dts:3067.4-45: Warning (clocks_property): /soc/mmc@ffe07000:clocks: cell 0 is not a phandle reference
reference/meson-sm1-x96-max-plus-100m.dts:3067.4-45: Warning (clocks_property): /soc/mmc@ffe07000:clocks: cell 2 is not a phandle reference
reference/meson-sm1-x96-max-plus-100m.dts:3067.4-45: Warning (clocks_property): /soc/mmc@ffe07000:clocks: cell 4 is not a phandle reference
reference/meson-sm1-x96-max-plus-100m.dts:3096.4-25: Warning (clocks_property): /soc/usb@ffe09000:clocks: cell 0 is not a phandle reference
reference/meson-sm1-x96-max-plus-100m.dts:3108.5-26: Warning (clocks_property): /soc/usb@ffe09000/usb@ff400000:clocks: cell 0 is not a phandle reference
reference/meson-sm1-x96-max-plus-100m.dts:3137.4-25: Warning (clocks_property): /soc/gpu@ffe40000:clocks: cell 0 is not a phandle reference
reference/meson-sm1-x96-max-plus-100m.dts:3243.3-36: Warning (clocks_property): /npu@ff100000:clocks: cell 0 is not a phandle reference
reference/meson-sm1-x96-max-plus-100m.dts:3243.3-36: Warning (clocks_property): /npu@ff100000:clocks: cell 2 is not a phandle reference
reference/meson-sm1-x96-max-plus-100m.dts:3257.3-44: Warning (clocks_property): /audio-controller-0:clocks: cell 0 is not a phandle reference
reference/meson-sm1-x96-max-plus-100m.dts:3257.3-44: Warning (clocks_property): /audio-controller-0:clocks: cell 2 is not a phandle reference
reference/meson-sm1-x96-max-plus-100m.dts:3257.3-44: Warning (clocks_property): /audio-controller-0:clocks: cell 4 is not a phandle reference
reference/meson-sm1-x96-max-plus-100m.dts:3267.3-44: Warning (clocks_property): /audio-controller-1:clocks: cell 0 is not a phandle reference
reference/meson-sm1-x96-max-plus-100m.dts:3267.3-44: Warning (clocks_property): /audio-controller-1:clocks: cell 2 is not a phandle reference
reference/meson-sm1-x96-max-plus-100m.dts:3267.3-44: Warning (clocks_property): /audio-controller-1:clocks: cell 4 is not a phandle reference
reference/meson-sm1-x96-max-plus-100m.dts:3277.3-44: Warning (clocks_property): /audio-controller-2:clocks: cell 0 is not a phandle reference
reference/meson-sm1-x96-max-plus-100m.dts:3277.3-44: Warning (clocks_property): /audio-controller-2:clocks: cell 2 is not a phandle reference
reference/meson-sm1-x96-max-plus-100m.dts:3277.3-44: Warning (clocks_property): /audio-controller-2:clocks: cell 4 is not a phandle reference
reference/meson-sm1-x96-max-plus-100m.dts:3302.4-25: Warning (clocks_property): /cpus/cpu@0:clocks: cell 0 is not a phandle reference
reference/meson-sm1-x96-max-plus-100m.dts:3321.4-25: Warning (clocks_property): /cpus/cpu@1:clocks: cell 0 is not a phandle reference
reference/meson-sm1-x96-max-plus-100m.dts:3340.4-25: Warning (clocks_property): /cpus/cpu@2:clocks: cell 0 is not a phandle reference
reference/meson-sm1-x96-max-plus-100m.dts:3359.4-25: Warning (clocks_property): /cpus/cpu@3:clocks: cell 0 is not a phandle reference
reference/meson-sm1-x96-max-plus-100m.dts:3532.3-19: Warning (clocks_property): /sdio-pwrseq:clocks: cell 0 is not a phandle reference
reference/meson-sm1-x96-max-plus-100m.dts:3557.3-44: Warning (clocks_property): /sound:clocks: cell 0 is not a phandle reference
reference/meson-sm1-x96-max-plus-100m.dts:3557.3-44: Warning (clocks_property): /sound:clocks: cell 2 is not a phandle reference
reference/meson-sm1-x96-max-plus-100m.dts:3557.3-44: Warning (clocks_property): /sound:clocks: cell 4 is not a phandle reference
reference/meson-sm1-x96-max-plus-100m.dts:3182.6-133: Warning (cooling_device_property): /thermal-zones/cpu-thermal/cooling-maps/map0:cooling-device: cell 0 is not a phandle reference
reference/meson-sm1-x96-max-plus-100m.dts:3182.6-133: Warning (cooling_device_property): /thermal-zones/cpu-thermal/cooling-maps/map0:cooling-device: cell 3 is not a phandle reference
reference/meson-sm1-x96-max-plus-100m.dts:3182.6-133: Warning (cooling_device_property): /thermal-zones/cpu-thermal/cooling-maps/map0:cooling-device: cell 6 is not a phandle reference
reference/meson-sm1-x96-max-plus-100m.dts:3182.6-133: Warning (cooling_device_property): /thermal-zones/cpu-thermal/cooling-maps/map0:cooling-device: cell 9 is not a phandle reference
reference/meson-sm1-x96-max-plus-100m.dts:3187.6-133: Warning (cooling_device_property): /thermal-zones/cpu-thermal/cooling-maps/map1:cooling-device: cell 0 is not a phandle reference
reference/meson-sm1-x96-max-plus-100m.dts:3187.6-133: Warning (cooling_device_property): /thermal-zones/cpu-thermal/cooling-maps/map1:cooling-device: cell 3 is not a phandle reference
reference/meson-sm1-x96-max-plus-100m.dts:3187.6-133: Warning (cooling_device_property): /thermal-zones/cpu-thermal/cooling-maps/map1:cooling-device: cell 6 is not a phandle reference
reference/meson-sm1-x96-max-plus-100m.dts:3187.6-133: Warning (cooling_device_property): /thermal-zones/cpu-thermal/cooling-maps/map1:cooling-device: cell 9 is not a phandle reference
reference/meson-sm1-x96-max-plus-100m.dts:3219.6-52: Warning (cooling_device_property): /thermal-zones/ddr-thermal/cooling-maps/map:cooling-device: cell 0 is not a phandle reference
reference/meson-sm1-x96-max-plus-100m.dts:173.4-23: Warning (phys_property): /soc/pcie@fc000000:phys: cell 0 is not a phandle reference
reference/meson-sm1-x96-max-plus-100m.dts:1902.5-19: Warning (phys_property): /soc/bus@ff600000/phy@44000:phys: cell 0 is not a phandle reference
reference/meson-sm1-x96-max-plus-100m.dts:2809.5-19: Warning (phys_property): /soc/bus@ffd00000/dsi@7000:phys: cell 0 is not a phandle reference
reference/meson-sm1-x96-max-plus-100m.dts:3099.4-33: Warning (phys_property): /soc/usb@ffe09000:phys: cell 0 is not a phandle reference
reference/meson-sm1-x96-max-plus-100m.dts:3099.4-33: Warning (phys_property): /soc/usb@ffe09000:phys: cell 1 is not a phandle reference
reference/meson-sm1-x96-max-plus-100m.dts:3099.4-33: Warning (phys_property): /soc/usb@ffe09000:phys: cell 2 is not a phandle reference
reference/meson-sm1-x96-max-plus-100m.dts:3110.5-19: Warning (phys_property): /soc/usb@ffe09000/usb@ff400000:phys: cell 0 is not a phandle reference
reference/meson-sm1-x96-max-plus-100m.dts:29.4-32: Warning (power_domains_property): /chosen/framebuffer-cvbs:power-domains: cell 0 is not a phandle reference
reference/meson-sm1-x96-max-plus-100m.dts:38.4-32: Warning (power_domains_property): /chosen/framebuffer-hdmi:power-domains: cell 0 is not a phandle reference
reference/meson-sm1-x96-max-plus-100m.dts:176.4-32: Warning (power_domains_property): /soc/pcie@fc000000:power-domains: cell 0 is not a phandle reference
reference/meson-sm1-x96-max-plus-100m.dts:190.4-32: Warning (power_domains_property): /soc/ethernet@ff3f0000:power-domains: cell 0 is not a phandle reference
reference/meson-sm1-x96-max-plus-100m.dts:234.5-33: Warning (power_domains_property): /soc/bus@ff600000/hdmi-tx@0:power-domains: cell 0 is not a phandle reference
reference/meson-sm1-x96-max-plus-100m.dts:2734.4-32: Warning (power_domains_property): /soc/vpu@ff900000:power-domains: cell 0 is not a phandle reference
reference/meson-sm1-x96-max-plus-100m.dts:3101.4-32: Warning (power_domains_property): /soc/usb@ffe09000:power-domains: cell 0 is not a phandle reference
reference/meson-sm1-x96-max-plus-100m.dts:3249.3-31: Warning (power_domains_property): /npu@ff100000:power-domains: cell 0 is not a phandle reference
reference/meson-sm1-x96-max-plus-100m.dts:3512.3-33: Warning (pwms_property): /regulator-vddcpu:pwms: cell 0 is not a phandle reference
reference/meson-sm1-x96-max-plus-100m.dts:3541.3-34: Warning (pwms_property): /wifi32k:pwms: cell 0 is not a phandle reference
reference/meson-sm1-x96-max-plus-100m.dts:170.4-35: Warning (resets_property): /soc/pcie@fc000000:resets: cell 0 is not a phandle reference
reference/meson-sm1-x96-max-plus-100m.dts:170.4-35: Warning (resets_property): /soc/pcie@fc000000:resets: cell 2 is not a phandle reference
reference/meson-sm1-x96-max-plus-100m.dts:223.5-46: Warning (resets_property): /soc/bus@ff600000/hdmi-tx@0:resets: cell 0 is not a phandle reference
reference/meson-sm1-x96-max-plus-100m.dts:223.5-46: Warning (resets_property): /soc/bus@ff600000/hdmi-tx@0:resets: cell 2 is not a phandle reference
reference/meson-sm1-x96-max-plus-100m.dts:223.5-46: Warning (resets_property): /soc/bus@ff600000/hdmi-tx@0:resets: cell 4 is not a phandle reference
reference/meson-sm1-x96-max-plus-100m.dts:284.5-26: Warning (resets_property): /soc/bus@ff600000/audio-controller@32000:resets: cell 0 is not a phandle reference
reference/meson-sm1-x96-max-plus-100m.dts:1813.5-26: Warning (resets_property): /soc/bus@ff600000/phy@36000:resets: cell 0 is not a phandle reference
reference/meson-sm1-x96-max-plus-100m.dts:1845.5-26: Warning (resets_property): /soc/bus@ff600000/phy@3a000:resets: cell 0 is not a phandle reference
reference/meson-sm1-x96-max-plus-100m.dts:1876.7-128: Warning (resets_property): /soc/bus@ff600000/bus@3c000/system-controller@0/power-controller:resets: cell 0 is not a phandle reference
reference/meson-sm1-x96-max-plus-100m.dts:1876.7-128: Warning (resets_property): /soc/bus@ff600000/bus@3c000/system-controller@0/power-controller:resets: cell 2 is not a phandle reference
reference/meson-sm1-x96-max-plus-100m.dts:1876.7-128: Warning (resets_property): /soc/bus@ff600000/bus@3c000/system-controller@0/power-controller:resets: cell 4 is not a phandle reference
reference/meson-sm1-x96-max-plus-100m.dts:1876.7-128: Warning (resets_property): /soc/bus@ff600000/bus@3c000/system-controller@0/power-controller:resets: cell 6 is not a phandle reference
reference/meson-sm1-x96-max-plus-100m.dts:1876.7-128: Warning (resets_property): /soc/bus@ff600000/bus@3c000/system-controller@0/power-controller:resets: cell 8 is not a phandle reference
reference/meson-sm1-x96-max-plus-100m.dts:1876.7-128: Warning (resets_property): /soc/bus@ff600000/bus@3c000/system-controller@0/power-controller:resets: cell 10 is not a phandle reference
reference/meson-sm1-x96-max-plus-100m.dts:1876.7-128: Warning (resets_property): /soc/bus@ff600000/bus@3c000/system-controller@0/power-controller:resets: cell 12 is not a phandle reference
reference/meson-sm1-x96-max-plus-100m.dts:1876.7-128: Warning (resets_property): /soc/bus@ff600000/bus@3c000/system-controller@0/power-controller:resets: cell 14 is not a phandle reference
reference/meson-sm1-x96-max-plus-100m.dts:1876.7-128: Warning (resets_property): /soc/bus@ff600000/bus@3c000/system-controller@0/power-controller:resets: cell 16 is not a phandle reference
reference/meson-sm1-x96-max-plus-100m.dts:1876.7-128: Warning (resets_property): /soc/bus@ff600000/bus@3c000/system-controller@0/power-controller:resets: cell 18 is not a phandle reference
reference/meson-sm1-x96-max-plus-100m.dts:1876.7-128: Warning (resets_property): /soc/bus@ff600000/bus@3c000/system-controller@0/power-controller:resets: cell 20 is not a phandle reference
reference/meson-sm1-x96-max-plus-100m.dts:1900.5-26: Warning (resets_property): /soc/bus@ff600000/phy@44000:resets: cell 0 is not a phandle reference
reference/meson-sm1-x96-max-plus-100m.dts:1914.5-26: Warning (resets_property): /soc/bus@ff600000/phy@46000:resets: cell 0 is not a phandle reference
reference/meson-sm1-x96-max-plus-100m.dts:1982.6-27: Warning (resets_property): /soc/bus@ff600000/bus@60000/clock-controller@0:resets: cell 0 is not a phandle reference
reference/meson-sm1-x96-max-plus-100m.dts:1993.6-37: Warning (resets_property): /soc/bus@ff600000/bus@60000/audio-controller@100:resets: cell 0 is not a phandle reference
reference/meson-sm1-x96-max-plus-100m.dts:1993.6-37: Warning (resets_property): /soc/bus@ff600000/bus@60000/audio-controller@100:resets: cell 2 is not a phandle reference
reference/meson-sm1-x96-max-plus-100m.dts:2007.6-37: Warning (resets_property): /soc/bus@ff600000/bus@60000/audio-controller@140:resets: cell 0 is not a phandle reference
reference/meson-sm1-x96-max-plus-100m.dts:2007.6-37: Warning (resets_property): /soc/bus@ff600000/bus@60000/audio-controller@140:resets: cell 2 is not a phandle reference
reference/meson-sm1-x96-max-plus-100m.dts:2021.6-37: Warning (resets_property): /soc/bus@ff600000/bus@60000/audio-controller@180:resets: cell 0 is not a phandle reference
reference/meson-sm1-x96-max-plus-100m.dts:2021.6-37: Warning (resets_property): /soc/bus@ff600000/bus@60000/audio-controller@180:resets: cell 2 is not a phandle reference
reference/meson-sm1-x96-max-plus-100m.dts:2035.6-37: Warning (resets_property): /soc/bus@ff600000/bus@60000/audio-controller@1c0:resets: cell 0 is not a phandle reference
reference/meson-sm1-x96-max-plus-100m.dts:2035.6-37: Warning (resets_property): /soc/bus@ff600000/bus@60000/audio-controller@1c0:resets: cell 2 is not a phandle reference
reference/meson-sm1-x96-max-plus-100m.dts:2049.6-37: Warning (resets_property): /soc/bus@ff600000/bus@60000/audio-controller@200:resets: cell 0 is not a phandle reference
reference/meson-sm1-x96-max-plus-100m.dts:2049.6-37: Warning (resets_property): /soc/bus@ff600000/bus@60000/audio-controller@200:resets: cell 2 is not a phandle reference
reference/meson-sm1-x96-max-plus-100m.dts:2063.6-37: Warning (resets_property): /soc/bus@ff600000/bus@60000/audio-controller@240:resets: cell 0 is not a phandle reference
reference/meson-sm1-x96-max-plus-100m.dts:2063.6-37: Warning (resets_property): /soc/bus@ff600000/bus@60000/audio-controller@240:resets: cell 2 is not a phandle reference
reference/meson-sm1-x96-max-plus-100m.dts:2083.6-27: Warning (resets_property): /soc/bus@ff600000/bus@60000/audio-controller@300:resets: cell 0 is not a phandle reference
reference/meson-sm1-x96-max-plus-100m.dts:2094.6-27: Warning (resets_property): /soc/bus@ff600000/bus@60000/audio-controller@340:resets: cell 0 is not a phandle reference
reference/meson-sm1-x96-max-plus-100m.dts:2105.6-27: Warning (resets_property): /soc/bus@ff600000/bus@60000/audio-controller@380:resets: cell 0 is not a phandle reference
reference/meson-sm1-x96-max-plus-100m.dts:2116.6-27: Warning (resets_property): /soc/bus@ff600000/bus@60000/audio-controller@3c0:resets: cell 0 is not a phandle reference
reference/meson-sm1-x96-max-plus-100m.dts:2131.6-27: Warning (resets_property): /soc/bus@ff600000/bus@60000/audio-controller@400:resets: cell 0 is not a phandle reference
reference/meson-sm1-x96-max-plus-100m.dts:2143.6-27: Warning (resets_property): /soc/bus@ff600000/bus@60000/audio-controller@480:resets: cell 0 is not a phandle reference
reference/meson-sm1-x96-max-plus-100m.dts:2152.6-27: Warning (resets_property): /soc/bus@ff600000/bus@60000/audio-controller@500:resets: cell 0 is not a phandle reference
reference/meson-sm1-x96-max-plus-100m.dts:2163.6-27: Warning (resets_property): /soc/bus@ff600000/bus@60000/audio-controller@540:resets: cell 0 is not a phandle reference
reference/meson-sm1-x96-max-plus-100m.dts:2174.6-27: Warning (resets_property): /soc/bus@ff600000/bus@60000/audio-controller@580:resets: cell 0 is not a phandle reference
reference/meson-sm1-x96-max-plus-100m.dts:2186.6-27: Warning (resets_property): /soc/bus@ff600000/bus@60000/audio-controller@740:resets: cell 0 is not a phandle reference
reference/meson-sm1-x96-max-plus-100m.dts:2196.6-27: Warning (resets_property): /soc/bus@ff600000/bus@60000/audio-controller@744:resets: cell 0 is not a phandle reference
reference/meson-sm1-x96-max-plus-100m.dts:2208.6-37: Warning (resets_property): /soc/bus@ff600000/bus@60000/audio-controller@840:resets: cell 0 is not a phandle reference
reference/meson-sm1-x96-max-plus-100m.dts:2208.6-37: Warning (resets_property): /soc/bus@ff600000/bus@60000/audio-controller@840:resets: cell 2 is not a phandle reference
reference/meson-sm1-x96-max-plus-100m.dts:2222.6-37: Warning (resets_property): /soc/bus@ff600000/bus@60000/audio-controller@880:resets: cell 0 is not a phandle reference
reference/meson-sm1-x96-max-plus-100m.dts:2222.6-37: Warning (resets_property): /soc/bus@ff600000/bus@60000/audio-controller@880:resets: cell 2 is not a phandle reference
reference/meson-sm1-x96-max-plus-100m.dts:2237.5-26: Warning (resets_property): /soc/bus@ff600000/audio-controller@61000:resets: cell 0 is not a phandle reference
reference/meson-sm1-x96-max-plus-100m.dts:2721.4-25: Warning (resets_property): /soc/video-decoder@ff620000:resets: cell 0 is not a phandle reference
reference/meson-sm1-x96-max-plus-100m.dts:2805.5-26: Warning (resets_property): /soc/bus@ffd00000/dsi@7000:resets: cell 0 is not a phandle reference
reference/meson-sm1-x96-max-plus-100m.dts:3016.4-25: Warning (resets_property): /soc/mmc@ffe03000:resets: cell 0 is not a phandle reference
reference/meson-sm1-x96-max-plus-100m.dts:3046.4-25: Warning (resets_property): /soc/mmc@ffe05000:resets: cell 0 is not a phandle reference
reference/meson-sm1-x96-max-plus-100m.dts:3069.4-25: Warning (resets_property): /soc/mmc@ffe07000:resets: cell 0 is not a phandle reference
reference/meson-sm1-x96-max-plus-100m.dts:3097.4-25: Warning (resets_property): /soc/usb@ffe09000:resets: cell 0 is not a phandle reference
reference/meson-sm1-x96-max-plus-100m.dts:3138.4-35: Warning (resets_property): /soc/gpu@ffe40000:resets: cell 0 is not a phandle reference
reference/meson-sm1-x96-max-plus-100m.dts:3138.4-35: Warning (resets_property): /soc/gpu@ffe40000:resets: cell 2 is not a phandle reference
reference/meson-sm1-x96-max-plus-100m.dts:3247.3-24: Warning (resets_property): /npu@ff100000:resets: cell 0 is not a phandle reference
reference/meson-sm1-x96-max-plus-100m.dts:3564.4-23: Warning (sound_dai_property): /sound/dai-link-0:sound-dai: cell 0 is not a phandle reference
reference/meson-sm1-x96-max-plus-100m.dts:3568.4-23: Warning (sound_dai_property): /sound/dai-link-1:sound-dai: cell 0 is not a phandle reference
reference/meson-sm1-x96-max-plus-100m.dts:3572.4-23: Warning (sound_dai_property): /sound/dai-link-2:sound-dai: cell 0 is not a phandle reference
reference/meson-sm1-x96-max-plus-100m.dts:3576.4-23: Warning (sound_dai_property): /sound/dai-link-3:sound-dai: cell 0 is not a phandle reference
reference/meson-sm1-x96-max-plus-100m.dts:3585.5-29: Warning (sound_dai_property): /sound/dai-link-3/codec:sound-dai: cell 0 is not a phandle reference
reference/meson-sm1-x96-max-plus-100m.dts:3590.4-28: Warning (sound_dai_property): /sound/dai-link-4:sound-dai: cell 0 is not a phandle reference
reference/meson-sm1-x96-max-plus-100m.dts:3593.5-24: Warning (sound_dai_property): /sound/dai-link-4/codec:sound-dai: cell 0 is not a phandle reference
reference/meson-sm1-x96-max-plus-100m.dts:3151.4-29: Warning (thermal_sensors_property): /thermal-zones/cpu-thermal:thermal-sensors: cell 0 is not a phandle reference
reference/meson-sm1-x96-max-plus-100m.dts:3195.4-29: Warning (thermal_sensors_property): /thermal-zones/ddr-thermal:thermal-sensors: cell 0 is not a phandle reference
reference/meson-sm1-x96-max-plus-100m.dts:1943.7-38: Warning (gpios_property): /soc/bus@ff600000/mdio-multiplexer@4c000/mdio@0/ethernet-phy@0:reset-gpios: cell 0 is not a phandle reference
reference/meson-sm1-x96-max-plus-100m.dts:2997.6-40: Warning (gpios_property): /soc/bus@ffd00000/serial@24000/bluetooth:shutdown-gpios: cell 0 is not a phandle reference
reference/meson-sm1-x96-max-plus-100m.dts:3056.4-32: Warning (gpios_property): /soc/mmc@ffe05000:cd-gpios: cell 0 is not a phandle reference
reference/meson-sm1-x96-max-plus-100m.dts:3433.3-34: Warning (gpios_property): /emmc-pwrseq:reset-gpios: cell 0 is not a phandle reference
reference/meson-sm1-x96-max-plus-100m.dts:3531.3-34: Warning (gpios_property): /sdio-pwrseq:reset-gpios: cell 0 is not a phandle reference
reference/meson-sm1-x96-max-plus-100m.dts:3634.3-59: Warning (gpios_property): /__symbols__:gpio: property size (47) is invalid, expected multiple of 4
